Archive member included to satisfy reference by file (symbol)

/Applications/STM32CubeIDE.app/Contents/Eclipse/plugins/com.st.stm32cube.ide.mcu.externaltools.gnu-tools-for-stm32.12.3.rel1.macos64_1.1.0.202410301201/tools/bin/../lib/gcc/arm-none-eabi/12.3.1/../../../../arm-none-eabi/lib/thumb/v7e-m+fp/hard/libc_nano.a(libc_a-exit.o)
                              /Applications/STM32CubeIDE.app/Contents/Eclipse/plugins/com.st.stm32cube.ide.mcu.externaltools.gnu-tools-for-stm32.12.3.rel1.macos64_1.1.0.202410301201/tools/bin/../lib/gcc/arm-none-eabi/12.3.1/../../../../arm-none-eabi/lib/thumb/v7e-m+fp/hard/crt0.o (exit)
/Applications/STM32CubeIDE.app/Contents/Eclipse/plugins/com.st.stm32cube.ide.mcu.externaltools.gnu-tools-for-stm32.12.3.rel1.macos64_1.1.0.202410301201/tools/bin/../lib/gcc/arm-none-eabi/12.3.1/../../../../arm-none-eabi/lib/thumb/v7e-m+fp/hard/libc_nano.a(libc_a-sprintf.o)
                              ./Core/Src/connect_four.o (sprintf)
/Applications/STM32CubeIDE.app/Contents/Eclipse/plugins/com.st.stm32cube.ide.mcu.externaltools.gnu-tools-for-stm32.12.3.rel1.macos64_1.1.0.202410301201/tools/bin/../lib/gcc/arm-none-eabi/12.3.1/../../../../arm-none-eabi/lib/thumb/v7e-m+fp/hard/libc_nano.a(libc_a-findfp.o)
                              /Applications/STM32CubeIDE.app/Contents/Eclipse/plugins/com.st.stm32cube.ide.mcu.externaltools.gnu-tools-for-stm32.12.3.rel1.macos64_1.1.0.202410301201/tools/bin/../lib/gcc/arm-none-eabi/12.3.1/../../../../arm-none-eabi/lib/thumb/v7e-m+fp/hard/libc_nano.a(libc_a-exit.o) (__stdio_exit_handler)
/Applications/STM32CubeIDE.app/Contents/Eclipse/plugins/com.st.stm32cube.ide.mcu.externaltools.gnu-tools-for-stm32.12.3.rel1.macos64_1.1.0.202410301201/tools/bin/../lib/gcc/arm-none-eabi/12.3.1/../../../../arm-none-eabi/lib/thumb/v7e-m+fp/hard/libc_nano.a(libc_a-fwalk.o)
                              /Applications/STM32CubeIDE.app/Contents/Eclipse/plugins/com.st.stm32cube.ide.mcu.externaltools.gnu-tools-for-stm32.12.3.rel1.macos64_1.1.0.202410301201/tools/bin/../lib/gcc/arm-none-eabi/12.3.1/../../../../arm-none-eabi/lib/thumb/v7e-m+fp/hard/libc_nano.a(libc_a-findfp.o) (_fwalk_sglue)
/Applications/STM32CubeIDE.app/Contents/Eclipse/plugins/com.st.stm32cube.ide.mcu.externaltools.gnu-tools-for-stm32.12.3.rel1.macos64_1.1.0.202410301201/tools/bin/../lib/gcc/arm-none-eabi/12.3.1/../../../../arm-none-eabi/lib/thumb/v7e-m+fp/hard/libc_nano.a(libc_a-memset.o)
                              /Applications/STM32CubeIDE.app/Contents/Eclipse/plugins/com.st.stm32cube.ide.mcu.externaltools.gnu-tools-for-stm32.12.3.rel1.macos64_1.1.0.202410301201/tools/bin/../lib/gcc/arm-none-eabi/12.3.1/../../../../arm-none-eabi/lib/thumb/v7e-m+fp/hard/crt0.o (memset)
/Applications/STM32CubeIDE.app/Contents/Eclipse/plugins/com.st.stm32cube.ide.mcu.externaltools.gnu-tools-for-stm32.12.3.rel1.macos64_1.1.0.202410301201/tools/bin/../lib/gcc/arm-none-eabi/12.3.1/../../../../arm-none-eabi/lib/thumb/v7e-m+fp/hard/libc_nano.a(libc_a-impure.o)
                              /Applications/STM32CubeIDE.app/Contents/Eclipse/plugins/com.st.stm32cube.ide.mcu.externaltools.gnu-tools-for-stm32.12.3.rel1.macos64_1.1.0.202410301201/tools/bin/../lib/gcc/arm-none-eabi/12.3.1/../../../../arm-none-eabi/lib/thumb/v7e-m+fp/hard/libc_nano.a(libc_a-sprintf.o) (_impure_ptr)
/Applications/STM32CubeIDE.app/Contents/Eclipse/plugins/com.st.stm32cube.ide.mcu.externaltools.gnu-tools-for-stm32.12.3.rel1.macos64_1.1.0.202410301201/tools/bin/../lib/gcc/arm-none-eabi/12.3.1/../../../../arm-none-eabi/lib/thumb/v7e-m+fp/hard/libc_nano.a(libc_a-errno.o)
                              ./Core/Src/syscalls.o (__errno)
/Applications/STM32CubeIDE.app/Contents/Eclipse/plugins/com.st.stm32cube.ide.mcu.externaltools.gnu-tools-for-stm32.12.3.rel1.macos64_1.1.0.202410301201/tools/bin/../lib/gcc/arm-none-eabi/12.3.1/../../../../arm-none-eabi/lib/thumb/v7e-m+fp/hard/libc_nano.a(libc_a-init.o)
                              /Applications/STM32CubeIDE.app/Contents/Eclipse/plugins/com.st.stm32cube.ide.mcu.externaltools.gnu-tools-for-stm32.12.3.rel1.macos64_1.1.0.202410301201/tools/bin/../lib/gcc/arm-none-eabi/12.3.1/../../../../arm-none-eabi/lib/thumb/v7e-m+fp/hard/crt0.o (__libc_init_array)
/Applications/STM32CubeIDE.app/Contents/Eclipse/plugins/com.st.stm32cube.ide.mcu.externaltools.gnu-tools-for-stm32.12.3.rel1.macos64_1.1.0.202410301201/tools/bin/../lib/gcc/arm-none-eabi/12.3.1/../../../../arm-none-eabi/lib/thumb/v7e-m+fp/hard/libc_nano.a(libc_a-lock.o)
                              /Applications/STM32CubeIDE.app/Contents/Eclipse/plugins/com.st.stm32cube.ide.mcu.externaltools.gnu-tools-for-stm32.12.3.rel1.macos64_1.1.0.202410301201/tools/bin/../lib/gcc/arm-none-eabi/12.3.1/../../../../arm-none-eabi/lib/thumb/v7e-m+fp/hard/libc_nano.a(libc_a-findfp.o) (__retarget_lock_init_recursive)
[...]
Memory Configuration

Name             Origin             Length             Attributes
CCMRAM           0x10000000         0x00010000         xrw
RAM              0x20000000         0x00030000         xrw
FLASH            0x08000000         0x00200000         xr
*default*        0x00000000         0xffffffff

Linker script and memory map

LOAD /Applications/STM32CubeIDE.app/Contents/Eclipse/plugins/com.st.stm32cube.ide.mcu.externaltools.gnu-tools-for-stm32.12.3.rel1.macos64_1.1.0.202410301201/tools/bin/../lib/gcc/arm-none-eabi/12.3.1/thumb/v7e-m+fp/hard/crti.o
LOAD /Applications/STM32CubeIDE.app/Contents/Eclipse/plugins/com.st.stm32cube.ide.mcu.externaltools.gnu-tools-for-stm32.12.3.rel1.macos64_1.1.0.202410301201/tools/bin/../lib/gcc/arm-none-eabi/12.3.1/thumb/v7e-m+fp/hard/crtbegin.o
LOAD /Applications/STM32CubeIDE.app/Contents/Eclipse/plugins/com.st.stm32cube.ide.mcu.externaltools.gnu-tools-for-stm32.12.3.rel1.macos64_1.1.0.202410301201/tools/bin/../lib/gcc/arm-none-eabi/12.3.1/../../../../arm-none-eabi/lib/thumb/v7e-m+fp/hard/crt0.o
LOAD ./Core/Src/ApplicationCode.o
LOAD ./Core/Src/LCD_Driver.o
LOAD ./Core/Src/connect_four.o
LOAD ./Core/Src/fonts.o
LOAD ./Core/Src/ili9341.o
LOAD ./Core/Src/main.o
LOAD ./Core/Src/stm32f4xx_hal_msp.o
LOAD ./Core/Src/stm32f4xx_it.o
LOAD ./Core/Src/stmpe811.o
LOAD ./Core/Src/syscalls.o
LOAD ./Core/Src/sysmem.o
LOAD ./Core/Src/system_stm32f4xx.o
LOAD ./Core/Startup/startup_stm32f429zitx.o
LOAD ./Drivers/STM32F4xx_HAL_Driver/Src/stm32f4xx_hal.o
LOAD ./Drivers/STM32F4xx_HAL_Driver/Src/stm32f4xx_hal_cortex.o
LOAD ./Drivers/STM32F4xx_HAL_Driver/Src/stm32f4xx_hal_dma.o
LOAD ./Drivers/STM32F4xx_HAL_Driver/Src/stm32f4xx_hal_dma_ex.o
LOAD ./Drivers/STM32F4xx_HAL_Driver/Src/stm32f4xx_hal_dsi.o
LOAD ./Drivers/STM32F4xx_HAL_Driver/Src/stm32f4xx_hal_exti.o
LOAD ./Drivers/STM32F4xx_HAL_Driver/Src/stm32f4xx_hal_flash.o
LOAD ./Drivers/STM32F4xx_HAL_Driver/Src/stm32f4xx_hal_flash_ex.o
LOAD ./Drivers/STM32F4xx_HAL_Driver/Src/stm32f4xx_hal_flash_ramfunc.o
LOAD ./Drivers/STM32F4xx_HAL_Driver/Src/stm32f4xx_hal_gpio.o
LOAD ./Drivers/STM32F4xx_HAL_Driver/Src/stm32f4xx_hal_i2c.o
LOAD ./Drivers/STM32F4xx_HAL_Driver/Src/stm32f4xx_hal_i2c_ex.o
LOAD ./Drivers/STM32F4xx_HAL_Driver/Src/stm32f4xx_hal_ltdc.o
LOAD ./Drivers/STM32F4xx_HAL_Driver/Src/stm32f4xx_hal_ltdc_ex.o
LOAD ./Drivers/STM32F4xx_HAL_Driver/Src/stm32f4xx_hal_pwr.o
LOAD ./Drivers/STM32F4xx_HAL_Driver/Src/stm32f4xx_hal_pwr_ex.o
LOAD ./Drivers/STM32F4xx_HAL_Driver/Src/stm32f4xx_hal_rcc.o
LOAD ./Drivers/STM32F4xx_HAL_Driver/Src/stm32f4xx_hal_rcc_ex.o
LOAD ./Drivers/STM32F4xx_HAL_Driver/Src/stm32f4xx_hal_rng.o
LOAD ./Drivers/STM32F4xx_HAL_Driver/Src/stm32f4xx_hal_spi.o
LOAD ./Drivers/STM32F4xx_HAL_Driver/Src/stm32f4xx_hal_tim.o
LOAD ./Drivers/STM32F4xx_HAL_Driver/Src/stm32f4xx_hal_tim_ex.o
START GROUP
LOAD /Applications/STM32CubeIDE.app/Contents/Eclipse/plugins/com.st.stm32cube.ide.mcu.externaltools.gnu-tools-for-stm32.12.3.rel1.macos64_1.1.0.202410301201/tools/bin/../lib/gcc/arm-none-eabi/12.3.1/../../../../arm-none-eabi/lib/thumb/v7e-m+fp/hard/libc_nano.a
LOAD /Applications/STM32CubeIDE.app/Contents/Eclipse/plugins/com.st.stm32cube.ide.mcu.externaltools.gnu-tools-for-stm32.12.3.rel1.macos64_1.1.0.202410301201/tools/bin/../lib/gcc/arm-none-eabi/12.3.1/../../../../arm-none-eabi/lib/thumb/v7e-m+fp/hard/libm.a
END GROUP
START GROUP
LOAD /Applications/STM32CubeIDE.app/Contents/Eclipse/plugins/com.st.stm32cube.ide.mcu.externaltools.gnu-tools-for-stm32.12.3.rel1.macos64_1.1.0.202410301201/tools/bin/../lib/gcc/arm-none-eabi/12.3.1/thumb/v7e-m+fp/hard/libgcc.a
LOAD /Applications/STM32CubeIDE.app/Contents/Eclipse/plugins/com.st.stm32cube.ide.mcu.externaltools.gnu-tools-for-stm32.12.3.rel1.macos64_1.1.0.202410301201/tools/bin/../lib/gcc/arm-none-eabi/12.3.1/../../../../arm-none-eabi/lib/thumb/v7e-m+fp/hard/libc_nano.a
END GROUP
START GROUP
LOAD /Applications/STM32CubeIDE.app/Contents/Eclipse/plugins/com.st.stm32cube.ide.mcu.externaltools.gnu-tools-for-stm32.12.3.rel1.macos64_1.1.0.202410301201/tools/bin/../lib/gcc/arm-none-eabi/12.3.1/thumb/v7e-m+fp/hard/libgcc.a
LOAD /Applications/STM32CubeIDE.app/Contents/Eclipse/plugins/com.st.stm32cube.ide.mcu.externaltools.gnu-tools-for-stm32.12.3.rel1.macos64_1.1.0.202410301201/tools/bin/../lib/gcc/arm-none-eabi/12.3.1/../../../../arm-none-eabi/lib/thumb/v7e-m+fp/hard/libc_nano.a
LOAD /Applications/STM32CubeIDE.app/Contents/Eclipse/plugins/com.st.stm32cube.ide.mcu.externaltools.gnu-tools-for-stm32.12.3.rel1.macos64_1.1.0.202410301201/tools/bin/../lib/gcc/arm-none-eabi/12.3.1/../../../../arm-none-eabi/lib/thumb/v7e-m+fp/hard/libnosys.a
END GROUP
START GROUP
LOAD /Applications/STM32CubeIDE.app/Contents/Eclipse/plugins/com.st.stm32cube.ide.mcu.externaltools.gnu-tools-for-stm32.12.3.rel1.macos64_1.1.0.202410301201/tools/bin/../lib/gcc/arm-none-eabi/12.3.1/thumb/v7e-m+fp/hard/libgcc.a
LOAD /Applications/STM32CubeIDE.app/Contents/Eclipse/plugins/com.st.stm32cube.ide.mcu.externaltools.gnu-tools-for-stm32.12.3.rel1.macos64_1.1.0.202410301201/tools/bin/../lib/gcc/arm-none-eabi/12.3.1/../../../../arm-none-eabi/lib/thumb/v7e-m+fp/hard/libc_nano.a
LOAD /Applications/STM32CubeIDE.app/Contents/Eclipse/plugins/com.st.stm32cube.ide.mcu.externaltools.gnu-tools-for-stm32.12.3.rel1.macos64_1.1.0.202410301201/tools/bin/../lib/gcc/arm-none-eabi/12.3.1/../../../../arm-none-eabi/lib/thumb/v7e-m+fp/hard/libnosys.a
END GROUP
LOAD /Applications/STM32CubeIDE.app/Contents/Eclipse/plugins/com.st.stm32cube.ide.mcu.externaltools.gnu-tools-for-stm32.12.3.rel1.macos64_1.1.0.202410301201/tools/bin/../lib/gcc/arm-none-eabi/12.3.1/thumb/v7e-m+fp/hard/crtend.o
LOAD /Applications/STM32CubeIDE.app/Contents/Eclipse/plugins/com.st.stm32cube.ide.mcu.externaltools.gnu-tools-for-stm32.12.3.rel1.macos64_1.1.0.202410301201/tools/bin/../lib/gcc/arm-none-eabi/12.3.1/thumb/v7e-m+fp/hard/crtn.o
                0x20030000                        _estack = (ORIGIN (RAM) + LENGTH (RAM))
                0x00000200                        _Min_Heap_Size = 0x200
                0x00000400                        _Min_Stack_Size = 0x400

.isr_vector     0x08000000      0x1ac
                0x08000000                        . = ALIGN (0x4)
 *(.isr_vector)
 .isr_vector    0x08000000      0x1ac ./Core/Startup/startup_stm32f429zitx.o
                0x08000000                g_pfnVectors
                0x080001ac                        . = ALIGN (0x4)

.text           0x080001b0     0x701c
                0x080001b0                        . = ALIGN (0x4)
 *(.text)
 .text          0x080001b0       0x40 /Applications/STM32CubeIDE.app/Contents/Eclipse/plugins/com.st.stm32cube.ide.mcu.externaltools.gnu-tools-for-stm32.12.3.rel1.macos64_1.1.0.202410301201/tools/bin/../lib/gcc/arm-none-eabi/12.3.1/thumb/v7e-m+fp/hard/crtbegin.o
 .text          0x080001f0       0x10 /Applications/STM32CubeIDE.app/Contents/Eclipse/plugins/com.st.stm32cube.ide.mcu.externaltools.gnu-tools-for-stm32.12.3.rel1.macos64_1.1.0.202410301201/tools/bin/../lib/gcc/arm-none-eabi/12.3.1/../../../../arm-none-eabi/lib/thumb/v7e-m+fp/hard/libc_nano.a(libc_a-strlen.o)
                0x080001f0                strlen
 .text          0x08000200       0xa0 /Applications/STM32CubeIDE.app/Contents/Eclipse/plugins/com.st.stm32cube.ide.mcu.externaltools.gnu-tools-for-stm32.12.3.rel1.macos64_1.1.0.202410301201/tools/bin/../lib/gcc/arm-none-eabi/12.3.1/../../../../arm-none-eabi/lib/thumb/v7e-m+fp/hard/libc_nano.a(libc_a-memchr.o)
                0x08000200                memchr
 .text          0x080002a0       0x30 /Applications/STM32CubeIDE.app/Contents/Eclipse/plugins/com.st.stm32cube.ide.mcu.externaltools.gnu-tools-for-stm32.12.3.rel1.macos64_1.1.0.202410301201/tools/bin/../lib/gcc/arm-none-eabi/12.3.1/thumb/v7e-m+fp/hard/libgcc.a(_aeabi_uldivmod.o)
                0x080002a0                __aeabi_uldivmod
 .text          0x080002d0      0x2bc /Applications/STM32CubeIDE.app/Contents/Eclipse/plugins/com.st.stm32cube.ide.mcu.externaltools.gnu-tools-for-stm32.12.3.rel1.macos64_1.1.0.202410301201/tools/bin/../lib/gcc/arm-none-eabi/12.3.1/thumb/v7e-m+fp/hard/libgcc.a(_udivmoddi4.o)
                0x080002d0                __udivmoddi4
 .text          0x0800058c        0x4 /Applications/STM32CubeIDE.app/Contents/Eclipse/plugins/com.st.stm32cube.ide.mcu.externaltools.gnu-tools-for-stm32.12.3.rel1.macos64_1.1.0.202410301201/tools/bin/../lib/gcc/arm-none-eabi/12.3.1/thumb/v7e-m+fp/hard/libgcc.a(_dvmd_tls.o)
                0x0800058c                __aeabi_ldiv0
                0x0800058c                __aeabi_idiv0
 *(.text*)
 .text.ApplicationInit
                0x08000590       0x38 ./Core/Src/ApplicationCode.o
                0x08000590                ApplicationInit
 .text.LCD_Visual_Demo
                0x080005c8        0xc ./Core/Src/ApplicationCode.o
                0x080005c8                LCD_Visual_Demo
 .text.GameLoop
                0x080005d4       0xcc ./Core/Src/ApplicationCode.o
                0x080005d4                GameLoop
 .text.LCD_GPIO_Init
                0x080006a0      0x190 ./Core/Src/LCD_Driver.o
                0x080006a0                LCD_GPIO_Init
 .text.LTCD_Layer_Init
                0x08000830       0x80 ./Core/Src/LCD_Driver.o
                0x08000830                LTCD_Layer_Init
 .text.LTCD__Init
                0x080008b0       0xbc ./Core/Src/LCD_Driver.o
                0x080008b0                LTCD__Init
 .text.LCD_Draw_Pixel
                0x0800096c       0x3c ./Core/Src/LCD_Driver.o
                0x0800096c                LCD_Draw_Pixel
 .text.LCD_Draw_Circle_Fill
                0x080009a8       0xa6 ./Core/Src/LCD_Driver.o
                0x080009a8                LCD_Draw_Circle_Fill
 *fill*         0x08000a4e        0x2 
 .text.LCD_Clear
                0x08000a50       0x44 ./Core/Src/LCD_Driver.o
                0x08000a50                LCD_Clear
 .text.LCD_SetTextColor
                0x08000a94       0x20 ./Core/Src/LCD_Driver.o
                0x08000a94                LCD_SetTextColor
 .text.LCD_SetFont
                0x08000ab4       0x20 ./Core/Src/LCD_Driver.o
                0x08000ab4                LCD_SetFont
 .text.LCD_Draw_Char
                0x08000ad4       0xdc ./Core/Src/LCD_Driver.o
                0x08000ad4                LCD_Draw_Char
 .text.LCD_DisplayChar
                0x08000bb0       0x44 ./Core/Src/LCD_Driver.o
                0x08000bb0                LCD_DisplayChar
 .text.LCD_Error_Handler
                0x08000bf4        0xc ./Core/Src/LCD_Driver.o
                0x08000bf4                LCD_Error_Handler
 .text.InitializeLCDTouch
                0x08000c00       0x16 ./Core/Src/LCD_Driver.o
                0x08000c00                InitializeLCDTouch
 .text.returnTouchStateAndLocation
                0x08000c16       0x18 ./Core/Src/LCD_Driver.o
                0x08000c16                returnTouchStateAndLocation
 .text.ConnectFour_Init
                0x08000c2e       0x62 ./Core/Src/connect_four.o
                0x08000c2e                ConnectFour_Init
 .text.ConnectFour_DrawMenu
                0x08000c90      0x148 ./Core/Src/connect_four.o
                0x08000c90                ConnectFour_DrawMenu
 .text.ConnectFour_DrawBoard
                0x08000dd8      0x15c ./Core/Src/connect_four.o
                0x08000dd8                ConnectFour_DrawBoard
 .text.ConnectFour_DrawCoin
                0x08000f34       0x38 ./Core/Src/connect_four.o
                0x08000f34                ConnectFour_DrawCoin
 .text.ConnectFour_DropCoin
                0x08000f6c      0x13e ./Core/Src/connect_four.o
                0x08000f6c                ConnectFour_DropCoin
 .text.ConnectFour_CheckWin
                0x080010aa      0x1de ./Core/Src/connect_four.o
                0x080010aa                ConnectFour_CheckWin
 .text.ConnectFour_IsBoardFull
                0x08001288       0x36 ./Core/Src/connect_four.o
                0x08001288                ConnectFour_IsBoardFull
 .text.ConnectFour_ComputerMove
                0x080012be       0x96 ./Core/Src/connect_four.o
                0x080012be                ConnectFour_ComputerMove
 .text.ConnectFour_DrawFinalScreen
                0x08001354      0x1e8 ./Core/Src/connect_four.o
                0x08001354                ConnectFour_DrawFinalScreen
 .text.ConnectFour_StartNewGame
                0x0800153c       0x58 ./Core/Src/connect_four.o
                0x0800153c                ConnectFour_StartNewGame
 .text.ConnectFour_ProcessTouch
                0x08001594       0xd6 ./Core/Src/connect_four.o
                0x08001594                ConnectFour_ProcessTouch
 .text.ili9341_Init
                0x0800166a      0x294 ./Core/Src/ili9341.o
                0x0800166a                ili9341_Init
 .text.ili9341_Write_Reg
                0x080018fe       0x1a ./Core/Src/ili9341.o
                0x080018fe                ili9341_Write_Reg
 .text.ili9341_Send_Data
                0x08001918       0x1a ./Core/Src/ili9341.o
                0x08001918                ili9341_Send_Data
 *fill*         0x08001932        0x2 
 .text.SPI_Init
                0x08001934       0x74 ./Core/Src/ili9341.o
 .text.SPI_Write
                0x080019a8       0x3c ./Core/Src/ili9341.o
 .text.SPI_Error
                0x080019e4       0x18 ./Core/Src/ili9341.o
 .text.SPI_MspInit
                0x080019fc       0x74 ./Core/Src/ili9341.o
 .text.LCD_IO_Init
                0x08001a70       0xf0 ./Core/Src/ili9341.o
                0x08001a70                LCD_IO_Init
 .text.LCD_IO_WriteData
                0x08001b60       0x44 ./Core/Src/ili9341.o
                0x08001b60                LCD_IO_WriteData
 .text.LCD_IO_WriteReg
                0x08001ba4       0x44 ./Core/Src/ili9341.o
                0x08001ba4                LCD_IO_WriteReg
 .text.LCD_Delay
                0x08001be8       0x16 ./Core/Src/ili9341.o
                0x08001be8                LCD_Delay
 .text.main     0x08001bfe       0x38 ./Core/Src/main.o
                0x08001bfe                main
 *fill*         0x08001c36        0x2 
 .text.SystemClock_Config
                0x08001c38       0xd4 ./Core/Src/main.o
                0x08001c38                SystemClock_Config
 .text.MX_I2C3_Init
                0x08001d0c       0x80 ./Core/Src/main.o
 .text.MX_LTDC_Init
                0x08001d8c      0x164 ./Core/Src/main.o
 .text.MX_RNG_Init
                0x08001ef0       0x28 ./Core/Src/main.o
 .text.MX_SPI5_Init
                0x08001f18       0x6c ./Core/Src/main.o
 .text.MX_TIM2_Init
                0x08001f84       0x98 ./Core/Src/main.o
 .text.MX_GPIO_Init
                0x0800201c      0x354 ./Core/Src/main.o
 .text.Error_Handler
                0x08002370        0xc ./Core/Src/main.o
                0x08002370                Error_Handler
 .text.HAL_MspInit
                0x0800237c       0x50 ./Core/Src/stm32f4xx_hal_msp.o
                0x0800237c                HAL_MspInit
 .text.HAL_I2C_MspInit
                0x080023cc       0xd4 ./Core/Src/stm32f4xx_hal_msp.o
                0x080023cc                HAL_I2C_MspInit
 .text.HAL_LTDC_MspInit
                0x080024a0      0x250 ./Core/Src/stm32f4xx_hal_msp.o
                0x080024a0                HAL_LTDC_MspInit
 .text.HAL_RNG_MspInit
                0x080026f0       0x44 ./Core/Src/stm32f4xx_hal_msp.o
                0x080026f0                HAL_RNG_MspInit
 .text.HAL_SPI_MspInit
                0x08002734       0x90 ./Core/Src/stm32f4xx_hal_msp.o
                0x08002734                HAL_SPI_MspInit
 .text.HAL_SPI_MspDeInit
                0x080027c4       0x3c ./Core/Src/stm32f4xx_hal_msp.o
                0x080027c4                HAL_SPI_MspDeInit
 .text.HAL_TIM_Base_MspInit
                0x08002800       0x40 ./Core/Src/stm32f4xx_hal_msp.o
                0x08002800                HAL_TIM_Base_MspInit
 .text.NMI_Handler
                0x08002840        0x8 ./Core/Src/stm32f4xx_it.o
                0x08002840                NMI_Handler
 .text.HardFault_Handler
                0x08002848        0x8 ./Core/Src/stm32f4xx_it.o
                0x08002848                HardFault_Handler
 .text.MemManage_Handler
                0x08002850        0x8 ./Core/Src/stm32f4xx_it.o
                0x08002850                MemManage_Handler
 .text.BusFault_Handler
                0x08002858        0x8 ./Core/Src/stm32f4xx_it.o
                0x08002858                BusFault_Handler
 .text.UsageFault_Handler
                0x08002860        0x8 ./Core/Src/stm32f4xx_it.o
                0x08002860                UsageFault_Handler
 .text.SVC_Handler
                0x08002868        0xe ./Core/Src/stm32f4xx_it.o
                0x08002868                SVC_Handler
 .text.DebugMon_Handler
                0x08002876        0xe ./Core/Src/stm32f4xx_it.o
                0x08002876                DebugMon_Handler
 .text.PendSV_Handler
                0x08002884        0xe ./Core/Src/stm32f4xx_it.o
                0x08002884                PendSV_Handler
 .text.SysTick_Handler
                0x08002892        0xc ./Core/Src/stm32f4xx_it.o
                0x08002892                SysTick_Handler
 .text.STMPE811_Init
                0x0800289e      0x14e ./Core/Src/stmpe811.o
                0x0800289e                STMPE811_Init
 .text.STMPE811_Read
                0x080029ec       0x22 ./Core/Src/stmpe811.o
                0x080029ec                STMPE811_Read
 .text.STMPE811_ReadTouch
                0x08002a0e      0x198 ./Core/Src/stmpe811.o
                0x08002a0e                STMPE811_ReadTouch
 *fill*         0x08002ba6        0x2 
 .text.verifyHAL_I2C_IS_OKAY
                0x08002ba8       0x20 ./Core/Src/stmpe811.o
                0x08002ba8                verifyHAL_I2C_IS_OKAY
 .text.I2C3_Init
                0x08002bc8       0x7c ./Core/Src/stmpe811.o
 .text.I2C3_MspInit
                0x08002c44       0xa8 ./Core/Src/stmpe811.o
 .text.I2C3_Write
                0x08002cec       0x54 ./Core/Src/stmpe811.o
                0x08002cec                I2C3_Write
 .text.I2C3_Read
                0x08002d40       0x4c ./Core/Src/stmpe811.o
                0x08002d40                I2C3_Read
 .text.I2C3_MulitByteRead
                0x08002d8c       0x44 ./Core/Src/stmpe811.o
                0x08002d8c                I2C3_MulitByteRead
 .text.TM_STMPE811_ReadX
                0x08002dd0       0xbc ./Core/Src/stmpe811.o
                0x08002dd0                TM_STMPE811_ReadX
 .text.TM_STMPE811_ReadY
                0x08002e8c       0xa4 ./Core/Src/stmpe811.o
                0x08002e8c                TM_STMPE811_ReadY
 .text.initialise_monitor_handles
                0x08002f30        0xe ./Core/Src/syscalls.o
                0x08002f30                initialise_monitor_handles
 *fill*         0x08002f3e        0x2 
 .text._sbrk    0x08002f40       0x6c ./Core/Src/sysmem.o
                0x08002f40                _sbrk
 .text.SystemInit
                0x08002fac       0x24 ./Core/Src/system_stm32f4xx.o
                0x08002fac                SystemInit
 .text.Reset_Handler
                0x08002fd0       0x50 ./Core/Startup/startup_stm32f429zitx.o
                0x08002fd0                Reset_Handler
 .text.Default_Handler
                0x08003020        0x2 ./Core/Startup/startup_stm32f429zitx.o
                0x08003020                DMA1_Stream3_IRQHandler
                0x08003020                HASH_RNG_IRQHandler
                0x08003020                EXTI2_IRQHandler
                0x08003020                TIM8_CC_IRQHandler
                0x08003020                UART8_IRQHandler
                0x08003020                SPI4_IRQHandler
                0x08003020                TIM1_CC_IRQHandler
                0x08003020                DMA2_Stream5_IRQHandler
                0x08003020                DMA1_Stream5_IRQHandler
                0x08003020                PVD_IRQHandler
                0x08003020                SDIO_IRQHandler
                0x08003020                TAMP_STAMP_IRQHandler
                0x08003020                CAN2_RX1_IRQHandler
                0x08003020                EXTI3_IRQHandler
                0x08003020                TIM8_TRG_COM_TIM14_IRQHandler
                0x08003020                TIM1_UP_TIM10_IRQHandler
                0x08003020                TIM8_UP_TIM13_IRQHandler
                0x08003020                I2C3_ER_IRQHandler
                0x08003020                EXTI0_IRQHandler
                0x08003020                I2C2_EV_IRQHandler
                0x08003020                DMA1_Stream2_IRQHandler
                0x08003020                CAN1_RX0_IRQHandler
                0x08003020                FPU_IRQHandler
                0x08003020                OTG_HS_WKUP_IRQHandler
                0x08003020                LTDC_ER_IRQHandler
                0x08003020                CAN2_SCE_IRQHandler
                0x08003020                DMA2_Stream2_IRQHandler
                0x08003020                SPI1_IRQHandler
                0x08003020                TIM6_DAC_IRQHandler
                0x08003020                TIM1_BRK_TIM9_IRQHandler
                0x08003020                DCMI_IRQHandler
                0x08003020                CAN2_RX0_IRQHandler
                0x08003020                DMA2_Stream3_IRQHandler
                0x08003020                USART6_IRQHandler
                0x08003020                USART3_IRQHandler
                0x08003020                CAN1_RX1_IRQHandler
                0x08003020                UART5_IRQHandler
                0x08003020                DMA2_Stream0_IRQHandler
                0x08003020                TIM4_IRQHandler
                0x08003020                I2C1_EV_IRQHandler
                0x08003020                DMA1_Stream6_IRQHandler
                0x08003020                DMA1_Stream1_IRQHandler
                0x08003020                UART4_IRQHandler
                0x08003020                TIM3_IRQHandler
                0x08003020                RCC_IRQHandler
                0x08003020                TIM8_BRK_TIM12_IRQHandler
                0x08003020                Default_Handler
                0x08003020                EXTI15_10_IRQHandler
                0x08003020                ADC_IRQHandler
                0x08003020                DMA1_Stream7_IRQHandler
                0x08003020                SPI5_IRQHandler
                0x08003020                TIM7_IRQHandler
                0x08003020                CAN2_TX_IRQHandler
                0x08003020                TIM5_IRQHandler
                0x08003020                DMA2_Stream7_IRQHandler
                0x08003020                I2C3_EV_IRQHandler
                0x08003020                EXTI9_5_IRQHandler
                0x08003020                RTC_WKUP_IRQHandler
                0x08003020                LTDC_IRQHandler
                0x08003020                ETH_WKUP_IRQHandler
                0x08003020                SPI2_IRQHandler
                0x08003020                OTG_HS_EP1_IN_IRQHandler
                0x08003020                DMA1_Stream0_IRQHandler
                0x08003020                CAN1_TX_IRQHandler
                0x08003020                EXTI4_IRQHandler
                0x08003020                ETH_IRQHandler
                0x08003020                OTG_HS_EP1_OUT_IRQHandler
                0x08003020                WWDG_IRQHandler
                0x08003020                SPI6_IRQHandler
                0x08003020                TIM2_IRQHandler
                0x08003020                OTG_FS_WKUP_IRQHandler
                0x08003020                TIM1_TRG_COM_TIM11_IRQHandler
                0x08003020                OTG_HS_IRQHandler
                0x08003020                DMA2D_IRQHandler
                0x08003020                EXTI1_IRQHandler
                0x08003020                UART7_IRQHandler
                0x08003020                USART2_IRQHandler
                0x08003020                I2C2_ER_IRQHandler
                0x08003020                DMA2_Stream1_IRQHandler
                0x08003020                CAN1_SCE_IRQHandler
                0x08003020                FLASH_IRQHandler
                0x08003020                DMA2_Stream4_IRQHandler
                0x08003020                USART1_IRQHandler
                0x08003020                OTG_FS_IRQHandler
                0x08003020                SPI3_IRQHandler
                0x08003020                DMA1_Stream4_IRQHandler
                0x08003020                I2C1_ER_IRQHandler
                0x08003020                FMC_IRQHandler
                0x08003020                DMA2_Stream6_IRQHandler
                0x08003020                SAI1_IRQHandler
                0x08003020                RTC_Alarm_IRQHandler
 *fill*         0x08003022        0x2 
 .text.HAL_Init
                0x08003024       0x44 ./Drivers/STM32F4xx_HAL_Driver/Src/stm32f4xx_hal.o
                0x08003024                HAL_Init
 .text.HAL_InitTick
                0x08003068       0x60 ./Drivers/STM32F4xx_HAL_Driver/Src/stm32f4xx_hal.o
                0x08003068                HAL_InitTick
 .text.HAL_IncTick
                0x080030c8       0x28 ./Drivers/STM32F4xx_HAL_Driver/Src/stm32f4xx_hal.o
                0x080030c8                HAL_IncTick
 .text.HAL_GetTick
                0x080030f0       0x18 ./Drivers/STM32F4xx_HAL_Driver/Src/stm32f4xx_hal.o
                0x080030f0                HAL_GetTick
 .text.HAL_Delay
                0x08003108       0x48 ./Drivers/STM32F4xx_HAL_Driver/Src/stm32f4xx_hal.o
                0x08003108                HAL_Delay
 .text.__NVIC_SetPriorityGrouping
                0x08003150       0x48 ./Drivers/STM32F4xx_HAL_Driver/Src/stm32f4xx_hal_cortex.o
 .text.__NVIC_GetPriorityGrouping
                0x08003198       0x1c ./Drivers/STM32F4xx_HAL_Driver/Src/stm32f4xx_hal_cortex.o
 .text.__NVIC_SetPriority
                0x080031b4       0x54 ./Drivers/STM32F4xx_HAL_Driver/Src/stm32f4xx_hal_cortex.o
 .text.NVIC_EncodePriority
                0x08003208       0x66 ./Drivers/STM32F4xx_HAL_Driver/Src/stm32f4xx_hal_cortex.o
 *fill*         0x0800326e        0x2 
 .text.SysTick_Config
                0x08003270       0x44 ./Drivers/STM32F4xx_HAL_Driver/Src/stm32f4xx_hal_cortex.o
 .text.HAL_NVIC_SetPriorityGrouping
                0x080032b4       0x16 ./Drivers/STM32F4xx_HAL_Driver/Src/stm32f4xx_hal_cortex.o
                0x080032b4                HAL_NVIC_SetPriorityGrouping
 .text.HAL_NVIC_SetPriority
                0x080032ca       0x38 ./Drivers/STM32F4xx_HAL_Driver/Src/stm32f4xx_hal_cortex.o
                0x080032ca                HAL_NVIC_SetPriority
 .text.HAL_SYSTICK_Config
                0x08003302       0x18 ./Drivers/STM32F4xx_HAL_Driver/Src/stm32f4xx_hal_cortex.o
                0x08003302                HAL_SYSTICK_Config
 *fill*         0x0800331a        0x2 
 .text.HAL_GPIO_Init
                0x0800331c      0x358 ./Drivers/STM32F4xx_HAL_Driver/Src/stm32f4xx_hal_gpio.o
                0x0800331c                HAL_GPIO_Init
 .text.HAL_GPIO_DeInit
                0x08003674      0x218 ./Drivers/STM32F4xx_HAL_Driver/Src/stm32f4xx_hal_gpio.o
                0x08003674                HAL_GPIO_DeInit
 .text.HAL_GPIO_ReadPin
                0x0800388c       0x30 ./Drivers/STM32F4xx_HAL_Driver/Src/stm32f4xx_hal_gpio.o
                0x0800388c                HAL_GPIO_ReadPin
 .text.HAL_GPIO_WritePin
                0x080038bc       0x32 ./Drivers/STM32F4xx_HAL_Driver/Src/stm32f4xx_hal_gpio.o
                0x080038bc                HAL_GPIO_WritePin
 *fill*         0x080038ee        0x2 
 .text.HAL_I2C_Init
                0x080038f0      0x288 ./Drivers/STM32F4xx_HAL_Driver/Src/stm32f4xx_hal_i2c.o
                0x080038f0                HAL_I2C_Init
 .text.HAL_I2C_Mem_Write
                0x08003b78      0x1f4 ./Drivers/STM32F4xx_HAL_Driver/Src/stm32f4xx_hal_i2c.o
                0x08003b78                HAL_I2C_Mem_Write
 .text.HAL_I2C_Mem_Read
                0x08003d6c      0x464 ./Drivers/STM32F4xx_HAL_Driver/Src/stm32f4xx_hal_i2c.o
                0x08003d6c                HAL_I2C_Mem_Read
 .text.I2C_RequestMemoryWrite
                0x080041d0      0x12c ./Drivers/STM32F4xx_HAL_Driver/Src/stm32f4xx_hal_i2c.o
 .text.I2C_RequestMemoryRead
                0x080042fc      0x1d0 ./Drivers/STM32F4xx_HAL_Driver/Src/stm32f4xx_hal_i2c.o
 .text.I2C_WaitOnFlagUntilTimeout
                0x080044cc       0xf4 ./Drivers/STM32F4xx_HAL_Driver/Src/stm32f4xx_hal_i2c.o
 .text.I2C_WaitOnMasterAddressFlagUntilTimeout
                0x080045c0      0x140 ./Drivers/STM32F4xx_HAL_Driver/Src/stm32f4xx_hal_i2c.o
 .text.I2C_WaitOnTXEFlagUntilTimeout
                0x08004700       0x90 ./Drivers/STM32F4xx_HAL_Driver/Src/stm32f4xx_hal_i2c.o
 .text.I2C_WaitOnBTFFlagUntilTimeout
                0x08004790       0x90 ./Drivers/STM32F4xx_HAL_Driver/Src/stm32f4xx_hal_i2c.o
 .text.I2C_WaitOnRXNEFlagUntilTimeout
                0x08004820       0xba ./Drivers/STM32F4xx_HAL_Driver/Src/stm32f4xx_hal_i2c.o
 .text.I2C_IsAcknowledgeFailed
                0x080048da       0x5e ./Drivers/STM32F4xx_HAL_Driver/Src/stm32f4xx_hal_i2c.o
 .text.HAL_I2CEx_ConfigAnalogFilter
                0x08004938       0x78 ./Drivers/STM32F4xx_HAL_Driver/Src/stm32f4xx_hal_i2c_ex.o
                0x08004938                HAL_I2CEx_ConfigAnalogFilter
 .text.HAL_I2CEx_ConfigDigitalFilter
                0x080049b0       0x7e ./Drivers/STM32F4xx_HAL_Driver/Src/stm32f4xx_hal_i2c_ex.o
                0x080049b0                HAL_I2CEx_ConfigDigitalFilter
 *fill*         0x08004a2e        0x2 
 .text.HAL_LTDC_Init
                0x08004a30      0x1a0 ./Drivers/STM32F4xx_HAL_Driver/Src/stm32f4xx_hal_ltdc.o
                0x08004a30                HAL_LTDC_Init
 .text.HAL_LTDC_ConfigLayer
                0x08004bd0       0x7c ./Drivers/STM32F4xx_HAL_Driver/Src/stm32f4xx_hal_ltdc.o
                0x08004bd0                HAL_LTDC_ConfigLayer
 .text.LTDC_SetConfig
                0x08004c4c      0x32e ./Drivers/STM32F4xx_HAL_Driver/Src/stm32f4xx_hal_ltdc.o
 *fill*         0x08004f7a        0x2 
 .text.HAL_RCC_OscConfig
                0x08004f7c      0x4f0 ./Drivers/STM32F4xx_HAL_Driver/Src/stm32f4xx_hal_rcc.o
                0x08004f7c                HAL_RCC_OscConfig
 .text.HAL_RCC_ClockConfig
                0x0800546c      0x1cc ./Drivers/STM32F4xx_HAL_Driver/Src/stm32f4xx_hal_rcc.o
                0x0800546c                HAL_RCC_ClockConfig
 .text.HAL_RCC_GetSysClockFreq
                0x08005638      0x20c ./Drivers/STM32F4xx_HAL_Driver/Src/stm32f4xx_hal_rcc.o
                0x08005638                HAL_RCC_GetSysClockFreq
 .text.HAL_RCC_GetHCLKFreq
                0x08005844       0x18 ./Drivers/STM32F4xx_HAL_Driver/Src/stm32f4xx_hal_rcc.o
                0x08005844                HAL_RCC_GetHCLKFreq
 .text.HAL_RCC_GetPCLK1Freq
                0x0800585c       0x28 ./Drivers/STM32F4xx_HAL_Driver/Src/stm32f4xx_hal_rcc.o
                0x0800585c                HAL_RCC_GetPCLK1Freq
 .text.HAL_RCCEx_PeriphCLKConfig
                0x08005884      0x380 ./Drivers/STM32F4xx_HAL_Driver/Src/stm32f4xx_hal_rcc_ex.o
                0x08005884                HAL_RCCEx_PeriphCLKConfig
 .text.HAL_RNG_Init
                0x08005c04       0x54 ./Drivers/STM32F4xx_HAL_Driver/Src/stm32f4xx_hal_rng.o
                0x08005c04                HAL_RNG_Init
 .text.HAL_RNG_GenerateRandomNumber
                0x08005c58       0xac ./Drivers/STM32F4xx_HAL_Driver/Src/stm32f4xx_hal_rng.o
                0x08005c58                HAL_RNG_GenerateRandomNumber
 .text.HAL_SPI_Init
                0x08005d04      0x112 ./Drivers/STM32F4xx_HAL_Driver/Src/stm32f4xx_hal_spi.o
                0x08005d04                HAL_SPI_Init
 .text.HAL_SPI_DeInit
                0x08005e16       0x50 ./Drivers/STM32F4xx_HAL_Driver/Src/stm32f4xx_hal_spi.o
                0x08005e16                HAL_SPI_DeInit
 .text.HAL_SPI_Transmit
                0x08005e66      0x288 ./Drivers/STM32F4xx_HAL_Driver/Src/stm32f4xx_hal_spi.o
                0x08005e66                HAL_SPI_Transmit
 .text.HAL_SPI_GetState
                0x080060ee       0x1c ./Drivers/STM32F4xx_HAL_Driver/Src/stm32f4xx_hal_spi.o
                0x080060ee                HAL_SPI_GetState
 *fill*         0x0800610a        0x2 
 .text.SPI_WaitFlagStateUntilTimeout
                0x0800610c      0x110 ./Drivers/STM32F4xx_HAL_Driver/Src/stm32f4xx_hal_spi.o
 .text.SPI_EndRxTxTransaction
                0x0800621c       0xa8 ./Drivers/STM32F4xx_HAL_Driver/Src/stm32f4xx_hal_spi.o
 .text.HAL_TIM_Base_Init
                0x080062c4       0x9e ./Drivers/STM32F4xx_HAL_Driver/Src/stm32f4xx_hal_tim.o
                0x080062c4                HAL_TIM_Base_Init
 .text.HAL_TIM_ConfigClockSource
                0x08006362      0x18e ./Drivers/STM32F4xx_HAL_Driver/Src/stm32f4xx_hal_tim.o
                0x08006362                HAL_TIM_ConfigClockSource
 .text.TIM_Base_SetConfig
                0x080064f0      0x158 ./Drivers/STM32F4xx_HAL_Driver/Src/stm32f4xx_hal_tim.o
                0x080064f0                TIM_Base_SetConfig
 .text.TIM_TI1_ConfigInputStage
                0x08006648       0x5e ./Drivers/STM32F4xx_HAL_Driver/Src/stm32f4xx_hal_tim.o
 .text.TIM_TI2_ConfigInputStage
                0x080066a6       0x60 ./Drivers/STM32F4xx_HAL_Driver/Src/stm32f4xx_hal_tim.o
 .text.TIM_ITRx_SetConfig
                0x08006706       0x36 ./Drivers/STM32F4xx_HAL_Driver/Src/stm32f4xx_hal_tim.o
 .text.TIM_ETR_SetConfig
                0x0800673c       0x40 ./Drivers/STM32F4xx_HAL_Driver/Src/stm32f4xx_hal_tim.o
                0x0800673c                TIM_ETR_SetConfig
 .text.HAL_TIMEx_MasterConfigSynchronization
                0x0800677c       0xf8 ./Drivers/STM32F4xx_HAL_Driver/Src/stm32f4xx_hal_tim_ex.o
                0x0800677c                HAL_TIMEx_MasterConfigSynchronization
 .text.sprintf  0x08006874       0x40 /Applications/STM32CubeIDE.app/Contents/Eclipse/plugins/com.st.stm32cube.ide.mcu.externaltools.gnu-tools-for-stm32.12.3.rel1.macos64_1.1.0.202410301201/tools/bin/../lib/gcc/arm-none-eabi/12.3.1/../../../../arm-none-eabi/lib/thumb/v7e-m+fp/hard/libc_nano.a(libc_a-sprintf.o)
                0x08006874                sprintf
                0x08006874                siprintf
 .text.memset   0x080068b4       0x10 /Applications/STM32CubeIDE.app/Contents/Eclipse/plugins/com.st.stm32cube.ide.mcu.externaltools.gnu-tools-for-stm32.12.3.rel1.macos64_1.1.0.202410301201/tools/bin/../lib/gcc/arm-none-eabi/12.3.1/../../../../arm-none-eabi/lib/thumb/v7e-m+fp/hard/libc_nano.a(libc_a-memset.o)
                0x080068b4                memset
 .text.__errno  0x080068c4        0xc /Applications/STM32CubeIDE.app/Contents/Eclipse/plugins/com.st.stm32cube.ide.mcu.externaltools.gnu-tools-for-stm32.12.3.rel1.macos64_1.1.0.202410301201/tools/bin/../lib/gcc/arm-none-eabi/12.3.1/../../../../arm-none-eabi/lib/thumb/v7e-m+fp/hard/libc_nano.a(libc_a-errno.o)
                0x080068c4                __errno
 .text.__libc_init_array
                0x080068d0       0x48 /Applications/STM32CubeIDE.app/Contents/Eclipse/plugins/com.st.stm32cube.ide.mcu.externaltools.gnu-tools-for-stm32.12.3.rel1.macos64_1.1.0.202410301201/tools/bin/../lib/gcc/arm-none-eabi/12.3.1/../../../../arm-none-eabi/lib/thumb/v7e-m+fp/hard/libc_nano.a(libc_a-init.o)
                0x080068d0                __libc_init_array
 .text.__retarget_lock_acquire_recursive
                0x08006918        0x2 /Applications/STM32CubeIDE.app/Contents/Eclipse/plugins/com.st.stm32cube.ide.mcu.externaltools.gnu-tools-for-stm32.12.3.rel1.macos64_1.1.0.202410301201/tools/bin/../lib/gcc/arm-none-eabi/12.3.1/../../../../arm-none-eabi/lib/thumb/v7e-m+fp/hard/libc_nano.a(libc_a-lock.o)
                0x08006918                __retarget_lock_acquire_recursive
 .text.__retarget_lock_release_recursive
                0x0800691a        0x2 /Applications/STM32CubeIDE.app/Contents/Eclipse/plugins/com.st.stm32cube.ide.mcu.externaltools.gnu-tools-for-stm32.12.3.rel1.macos64_1.1.0.202410301201/tools/bin/../lib/gcc/arm-none-eabi/12.3.1/../../../../arm-none-eabi/lib/thumb/v7e-m+fp/hard/libc_nano.a(libc_a-lock.o)
                0x0800691a                __retarget_lock_release_recursive
 .text.__ssputs_r
                0x0800691c       0xb6 /Applications/STM32CubeIDE.app/Contents/Eclipse/plugins/com.st.stm32cube.ide.mcu.externaltools.gnu-tools-for-stm32.12.3.rel1.macos64_1.1.0.202410301201/tools/bin/../lib/gcc/arm-none-eabi/12.3.1/../../../../arm-none-eabi/lib/thumb/v7e-m+fp/hard/libc_nano.a(libc_a-nano-svfprintf.o)
                0x0800691c                __ssputs_r
 *fill*         0x080069d2        0x2 
 .text._svfprintf_r
                0x080069d4      0x1f8 /Applications/STM32CubeIDE.app/Contents/Eclipse/plugins/com.st.stm32cube.ide.mcu.externaltools.gnu-tools-for-stm32.12.3.rel1.macos64_1.1.0.202410301201/tools/bin/../lib/gcc/arm-none-eabi/12.3.1/../../../../arm-none-eabi/lib/thumb/v7e-m+fp/hard/libc_nano.a(libc_a-nano-svfprintf.o)
                0x080069d4                _svfprintf_r
                0x080069d4                _svfiprintf_r
 .text.sbrk_aligned
                0x08006bcc       0x44 /Applications/STM32CubeIDE.app/Contents/Eclipse/plugins/com.st.stm32cube.ide.mcu.externaltools.gnu-tools-for-stm32.12.3.rel1.macos64_1.1.0.202410301201/tools/bin/../lib/gcc/arm-none-eabi/12.3.1/../../../../arm-none-eabi/lib/thumb/v7e-m+fp/hard/libc_nano.a(libc_a-mallocr.o)
 .text._malloc_r
                0x08006c10      0x100 /Applications/STM32CubeIDE.app/Contents/Eclipse/plugins/com.st.stm32cube.ide.mcu.externaltools.gnu-tools-for-stm32.12.3.rel1.macos64_1.1.0.202410301201/tools/bin/../lib/gcc/arm-none-eabi/12.3.1/../../../../arm-none-eabi/lib/thumb/v7e-m+fp/hard/libc_nano.a(libc_a-mallocr.o)
                0x08006c10                _malloc_r
 .text._printf_common
                0x08006d10       0xda /Applications/STM32CubeIDE.app/Contents/Eclipse/plugins/com.st.stm32cube.ide.mcu.externaltools.gnu-tools-for-stm32.12.3.rel1.macos64_1.1.0.202410301201/tools/bin/../lib/gcc/arm-none-eabi/12.3.1/../../../../arm-none-eabi/lib/thumb/v7e-m+fp/hard/libc_nano.a(libc_a-nano-vfprintf_i.o)
                0x08006d10                _printf_common
 *fill*         0x08006dea        0x2 
 .text._printf_i
                0x08006dec      0x240 /Applications/STM32CubeIDE.app/Contents/Eclipse/plugins/com.st.stm32cube.ide.mcu.externaltools.gnu-tools-for-stm32.12.3.rel1.macos64_1.1.0.202410301201/tools/bin/../lib/gcc/arm-none-eabi/12.3.1/../../../../arm-none-eabi/lib/thumb/v7e-m+fp/hard/libc_nano.a(libc_a-nano-vfprintf_i.o)
                0x08006dec                _printf_i
 .text.__malloc_lock
                0x0800702c        0xc /Applications/STM32CubeIDE.app/Contents/Eclipse/plugins/com.st.stm32cube.ide.mcu.externaltools.gnu-tools-for-stm32.12.3.rel1.macos64_1.1.0.202410301201/tools/bin/../lib/gcc/arm-none-eabi/12.3.1/../../../../arm-none-eabi/lib/thumb/v7e-m+fp/hard/libc_nano.a(libc_a-mlock.o)
                0x0800702c                __malloc_lock
 .text.__malloc_unlock
                0x08007038        0xc /Applications/STM32CubeIDE.app/Contents/Eclipse/plugins/com.st.stm32cube.ide.mcu.externaltools.gnu-tools-for-stm32.12.3.rel1.macos64_1.1.0.202410301201/tools/bin/../lib/gcc/arm-none-eabi/12.3.1/../../../../arm-none-eabi/lib/thumb/v7e-m+fp/hard/libc_nano.a(libc_a-mlock.o)
                0x08007038                __malloc_unlock
 .text._realloc_r
                0x08007044       0x5c /Applications/STM32CubeIDE.app/Contents/Eclipse/plugins/com.st.stm32cube.ide.mcu.externaltools.gnu-tools-for-stm32.12.3.rel1.macos64_1.1.0.202410301201/tools/bin/../lib/gcc/arm-none-eabi/12.3.1/../../../../arm-none-eabi/lib/thumb/v7e-m+fp/hard/libc_nano.a(libc_a-reallocr.o)
                0x08007044                _realloc_r
 .text.memmove  0x080070a0       0x34 /Applications/STM32CubeIDE.app/Contents/Eclipse/plugins/com.st.stm32cube.ide.mcu.externaltools.gnu-tools-for-stm32.12.3.rel1.macos64_1.1.0.202410301201/tools/bin/../lib/gcc/arm-none-eabi/12.3.1/../../../../arm-none-eabi/lib/thumb/v7e-m+fp/hard/libc_nano.a(libc_a-memmove.o)
                0x080070a0                memmove
 .text._sbrk_r  0x080070d4       0x20 /Applications/STM32CubeIDE.app/Contents/Eclipse/plugins/com.st.stm32cube.ide.mcu.externaltools.gnu-tools-for-stm32.12.3.rel1.macos64_1.1.0.202410301201/tools/bin/../lib/gcc/arm-none-eabi/12.3.1/../../../../arm-none-eabi/lib/thumb/v7e-m+fp/hard/libc_nano.a(libc_a-sbrkr.o)
                0x080070d4                _sbrk_r
 .text.memcpy   0x080070f4       0x1c /Applications/STM32CubeIDE.app/Contents/Eclipse/plugins/com.st.stm32cube.ide.mcu.externaltools.gnu-tools-for-stm32.12.3.rel1.macos64_1.1.0.202410301201/tools/bin/../lib/gcc/arm-none-eabi/12.3.1/../../../../arm-none-eabi/lib/thumb/v7e-m+fp/hard/libc_nano.a(libc_a-memcpy-stub.o)
                0x080070f4                memcpy
 .text._free_r  0x08007110       0x94 /Applications/STM32CubeIDE.app/Contents/Eclipse/plugins/com.st.stm32cube.ide.mcu.externaltools.gnu-tools-for-stm32.12.3.rel1.macos64_1.1.0.202410301201/tools/bin/../lib/gcc/arm-none-eabi/12.3.1/../../../../arm-none-eabi/lib/thumb/v7e-m+fp/hard/libc_nano.a(libc_a-freer.o)
                0x08007110                _free_r
 .text._malloc_usable_size_r
                0x080071a4       0x10 /Applications/STM32CubeIDE.app/Contents/Eclipse/plugins/com.st.stm32cube.ide.mcu.externaltools.gnu-tools-for-stm32.12.3.rel1.macos64_1.1.0.202410301201/tools/bin/../lib/gcc/arm-none-eabi/12.3.1/../../../../arm-none-eabi/lib/thumb/v7e-m+fp/hard/libc_nano.a(libc_a-msizer.o)
                0x080071a4                _malloc_usable_size_r
 *(.glue_7)
 .glue_7        0x080071b4        0x0 linker stubs
 *(.glue_7t)
 .glue_7t       0x080071b4        0x0 linker stubs
 *(.eh_frame)
 .eh_frame      0x080071b4        0x0 /Applications/STM32CubeIDE.app/Contents/Eclipse/plugins/com.st.stm32cube.ide.mcu.externaltools.gnu-tools-for-stm32.12.3.rel1.macos64_1.1.0.202410301201/tools/bin/../lib/gcc/arm-none-eabi/12.3.1/thumb/v7e-m+fp/hard/crtbegin.o
 *(.init)
 .init          0x080071b4        0x4 /Applications/STM32CubeIDE.app/Contents/Eclipse/plugins/com.st.stm32cube.ide.mcu.externaltools.gnu-tools-for-stm32.12.3.rel1.macos64_1.1.0.202410301201/tools/bin/../lib/gcc/arm-none-eabi/12.3.1/thumb/v7e-m+fp/hard/crti.o
                0x080071b4                _init
 .init          0x080071b8        0x8 /Applications/STM32CubeIDE.app/Contents/Eclipse/plugins/com.st.stm32cube.ide.mcu.externaltools.gnu-tools-for-stm32.12.3.rel1.macos64_1.1.0.202410301201/tools/bin/../lib/gcc/arm-none-eabi/12.3.1/thumb/v7e-m+fp/hard/crtn.o
 *(.fini)
 .fini          0x080071c0        0x4 /Applications/STM32CubeIDE.app/Contents/Eclipse/plugins/com.st.stm32cube.ide.mcu.externaltools.gnu-tools-for-stm32.12.3.rel1.macos64_1.1.0.202410301201/tools/bin/../lib/gcc/arm-none-eabi/12.3.1/thumb/v7e-m+fp/hard/crti.o
                0x080071c0                _fini
 .fini          0x080071c4        0x8 /Applications/STM32CubeIDE.app/Contents/Eclipse/plugins/com.st.stm32cube.ide.mcu.externaltools.gnu-tools-for-stm32.12.3.rel1.macos64_1.1.0.202410301201/tools/bin/../lib/gcc/arm-none-eabi/12.3.1/thumb/v7e-m+fp/hard/crtn.o
                0x080071cc                        . = ALIGN (0x4)
                0x080071cc                        _etext = .

.vfp11_veneer   0x080071cc        0x0
 .vfp11_veneer  0x080071cc        0x0 linker stubs

.v4_bx          0x080071cc        0x0
 .v4_bx         0x080071cc        0x0 linker stubs

.iplt           0x080071cc        0x0
 .iplt          0x080071cc        0x0 /Applications/STM32CubeIDE.app/Contents/Eclipse/plugins/com.st.stm32cube.ide.mcu.externaltools.gnu-tools-for-stm32.12.3.rel1.macos64_1.1.0.202410301201/tools/bin/../lib/gcc/arm-none-eabi/12.3.1/thumb/v7e-m+fp/hard/crtbegin.o

.rodata         0x080071cc     0x1274
                0x080071cc                        . = ALIGN (0x4)
 *(.rodata)
 .rodata        0x080071cc       0x56 ./Core/Src/connect_four.o
 *(.rodata*)
 *fill*         0x08007222        0x2 
 .rodata.ASCII16x24_Table
                0x08007224     0x11d0 ./Core/Src/fonts.o
                0x08007224                ASCII16x24_Table
 .rodata.AHBPrescTable
                0x080083f4       0x10 ./Core/Src/system_stm32f4xx.o
                0x080083f4                AHBPrescTable
 .rodata.APBPrescTable
                0x08008404        0x8 ./Core/Src/system_stm32f4xx.o
                0x08008404                APBPrescTable
 .rodata._svfprintf_r.str1.1
                0x0800840c       0x11 /Applications/STM32CubeIDE.app/Contents/Eclipse/plugins/com.st.stm32cube.ide.mcu.externaltools.gnu-tools-for-stm32.12.3.rel1.macos64_1.1.0.202410301201/tools/bin/../lib/gcc/arm-none-eabi/12.3.1/../../../../arm-none-eabi/lib/thumb/v7e-m+fp/hard/libc_nano.a(libc_a-nano-svfprintf.o)
 .rodata._printf_i.str1.1
                0x0800841d       0x22 /Applications/STM32CubeIDE.app/Contents/Eclipse/plugins/com.st.stm32cube.ide.mcu.externaltools.gnu-tools-for-stm32.12.3.rel1.macos64_1.1.0.202410301201/tools/bin/../lib/gcc/arm-none-eabi/12.3.1/../../../../arm-none-eabi/lib/thumb/v7e-m+fp/hard/libc_nano.a(libc_a-nano-vfprintf_i.o)
                0x08008440                        . = ALIGN (0x4)
 *fill*         0x0800843f        0x1 

.ARM.extab      0x08008440        0x0
                0x08008440                        . = ALIGN (0x4)
 *(.ARM.extab* .gnu.linkonce.armextab.*)
                0x08008440                        . = ALIGN (0x4)

.ARM            0x08008440        0x8
                0x08008440                        . = ALIGN (0x4)
                0x08008440                        __exidx_start = .
 *(.ARM.exidx*)
 .ARM.exidx     0x08008440        0x8 /Applications/STM32CubeIDE.app/Contents/Eclipse/plugins/com.st.stm32cube.ide.mcu.externaltools.gnu-tools-for-stm32.12.3.rel1.macos64_1.1.0.202410301201/tools/bin/../lib/gcc/arm-none-eabi/12.3.1/../../../../arm-none-eabi/lib/thumb/v7e-m+fp/hard/libc_nano.a(libc_a-strlen.o)
 .ARM.exidx     0x08008448        0x0 /Applications/STM32CubeIDE.app/Contents/Eclipse/plugins/com.st.stm32cube.ide.mcu.externaltools.gnu-tools-for-stm32.12.3.rel1.macos64_1.1.0.202410301201/tools/bin/../lib/gcc/arm-none-eabi/12.3.1/../../../../arm-none-eabi/lib/thumb/v7e-m+fp/hard/libc_nano.a(libc_a-memchr.o)
                                  0x8 (size before relaxing)
 .ARM.exidx     0x08008448        0x0 /Applications/STM32CubeIDE.app/Contents/Eclipse/plugins/com.st.stm32cube.ide.mcu.externaltools.gnu-tools-for-stm32.12.3.rel1.macos64_1.1.0.202410301201/tools/bin/../lib/gcc/arm-none-eabi/12.3.1/thumb/v7e-m+fp/hard/libgcc.a(_udivmoddi4.o)
                                  0x8 (size before relaxing)
                0x08008448                        __exidx_end = .
                0x08008448                        . = ALIGN (0x4)

.preinit_array  0x08008448        0x0
                0x08008448                        . = ALIGN (0x4)
                0x08008448                        PROVIDE (__preinit_array_start = .)
 *(.preinit_array*)
                0x08008448                        PROVIDE (__preinit_array_end = .)
                0x08008448                        . = ALIGN (0x4)

.init_array     0x08008448        0x4
                0x08008448                        . = ALIGN (0x4)
                0x08008448                        PROVIDE (__init_array_start = .)
 *(SORT_BY_NAME(.init_array.*))
 *(.init_array*)
 .init_array    0x08008448        0x4 /Applications/STM32CubeIDE.app/Contents/Eclipse/plugins/com.st.stm32cube.ide.mcu.externaltools.gnu-tools-for-stm32.12.3.rel1.macos64_1.1.0.202410301201/tools/bin/../lib/gcc/arm-none-eabi/12.3.1/thumb/v7e-m+fp/hard/crtbegin.o
                0x0800844c                        PROVIDE (__init_array_end = .)
                0x0800844c                        . = ALIGN (0x4)

.fini_array     0x0800844c        0x4
                0x0800844c                        . = ALIGN (0x4)
                [!provide]                        PROVIDE (__fini_array_start = .)
 *(SORT_BY_NAME(.fini_array.*))
 *(.fini_array*)
 .fini_array    0x0800844c        0x4 /Applications/STM32CubeIDE.app/Contents/Eclipse/plugins/com.st.stm32cube.ide.mcu.externaltools.gnu-tools-for-stm32.12.3.rel1.macos64_1.1.0.202410301201/tools/bin/../lib/gcc/arm-none-eabi/12.3.1/thumb/v7e-m+fp/hard/crtbegin.o
                [!provide]                        PROVIDE (__fini_array_end = .)
                0x08008450                        . = ALIGN (0x4)
                0x08008450                        _sidata = LOADADDR (.data)

.rel.dyn        0x08008450        0x0
 .rel.iplt      0x08008450        0x0 /Applications/STM32CubeIDE.app/Contents/Eclipse/plugins/com.st.stm32cube.ide.mcu.externaltools.gnu-tools-for-stm32.12.3.rel1.macos64_1.1.0.202410301201/tools/bin/../lib/gcc/arm-none-eabi/12.3.1/thumb/v7e-m+fp/hard/crtbegin.o

.data           0x20000000       0x6c load address 0x08008450
                0x20000000                        . = ALIGN (0x4)
                0x20000000                        _sdata = .
 *(.data)
 *(.data*)
 .data.CurrentTextColor
                0x20000000        0x2 ./Core/Src/LCD_Driver.o
 *fill*         0x20000002        0x2 
 .data.Font16x24
                0x20000004        0x8 ./Core/Src/fonts.o
                0x20000004                Font16x24
 .data.SpiTimeout
                0x2000000c        0x4 ./Core/Src/ili9341.o
                0x2000000c                SpiTimeout
 .data.SystemCoreClock
                0x20000010        0x4 ./Core/Src/system_stm32f4xx.o
                0x20000010                SystemCoreClock
 .data.uwTickPrio
                0x20000014        0x4 ./Drivers/STM32F4xx_HAL_Driver/Src/stm32f4xx_hal.o
                0x20000014                uwTickPrio
 .data.uwTickFreq
                0x20000018        0x1 ./Drivers/STM32F4xx_HAL_Driver/Src/stm32f4xx_hal.o
                0x20000018                uwTickFreq
 *fill*         0x20000019        0x3 
 .data._impure_ptr
                0x2000001c        0x4 /Applications/STM32CubeIDE.app/Contents/Eclipse/plugins/com.st.stm32cube.ide.mcu.externaltools.gnu-tools-for-stm32.12.3.rel1.macos64_1.1.0.202410301201/tools/bin/../lib/gcc/arm-none-eabi/12.3.1/../../../../arm-none-eabi/lib/thumb/v7e-m+fp/hard/libc_nano.a(libc_a-impure.o)
                0x2000001c                _impure_ptr
 .data._impure_data
                0x20000020       0x4c /Applications/STM32CubeIDE.app/Contents/Eclipse/plugins/com.st.stm32cube.ide.mcu.externaltools.gnu-tools-for-stm32.12.3.rel1.macos64_1.1.0.202410301201/tools/bin/../lib/gcc/arm-none-eabi/12.3.1/../../../../arm-none-eabi/lib/thumb/v7e-m+fp/hard/libc_nano.a(libc_a-impure.o)
                0x20000020                _impure_data
 *(.RamFunc)
 *(.RamFunc*)
                0x2000006c                        . = ALIGN (0x4)
                0x2000006c                        _edata = .
                0x080084bc                        _siccmram = LOADADDR (.ccmram)

.igot.plt       0x2000006c        0x0 load address 0x080084bc
 .igot.plt      0x2000006c        0x0 /Applications/STM32CubeIDE.app/Contents/Eclipse/plugins/com.st.stm32cube.ide.mcu.externaltools.gnu-tools-for-stm32.12.3.rel1.macos64_1.1.0.202410301201/tools/bin/../lib/gcc/arm-none-eabi/12.3.1/thumb/v7e-m+fp/hard/crtbegin.o

.ccmram         0x10000000        0x0 load address 0x080084bc
                0x10000000                        . = ALIGN (0x4)
                0x10000000                        _sccmram = .
 *(.ccmram)
 *(.ccmram*)
                0x10000000                        . = ALIGN (0x4)
                0x10000000                        _eccmram = .
                0x10000000                        . = ALIGN (0x4)

.bss            0x2000006c    0x25cf0
                0x2000006c                        _sbss = .
                0x2000006c                        __bss_start__ = _sbss
 *(.bss)
 .bss           0x2000006c       0x1c /Applications/STM32CubeIDE.app/Contents/Eclipse/plugins/com.st.stm32cube.ide.mcu.externaltools.gnu-tools-for-stm32.12.3.rel1.macos64_1.1.0.202410301201/tools/bin/../lib/gcc/arm-none-eabi/12.3.1/thumb/v7e-m+fp/hard/crtbegin.o
 *(.bss*)
 .bss.StaticTouchData
                0x20000088        0x8 ./Core/Src/ApplicationCode.o
 .bss.game      0x20000090       0x40 ./Core/Src/ApplicationCode.o
 .bss.hltdc     0x200000d0       0xa8 ./Core/Src/LCD_Driver.o
 .bss.PeriphClkInitStruct
                0x20000178       0x30 ./Core/Src/LCD_Driver.o
 .bss.LCD_Currentfonts
                0x200001a8        0x4 ./Core/Src/LCD_Driver.o
 .bss.frameBuffer
                0x200001ac    0x25800 ./Core/Src/LCD_Driver.o
                0x200001ac                frameBuffer
 .bss.SpiHandle
                0x200259ac       0x58 ./Core/Src/ili9341.o
 .bss.Is_LCD_IO_Initialized
                0x20025a04        0x1 ./Core/Src/ili9341.o
 *fill*         0x20025a05        0x3 
 .bss.hi2c3     0x20025a08       0x54 ./Core/Src/main.o
                0x20025a08                hi2c3
 .bss.hltdc     0x20025a5c       0xa8 ./Core/Src/main.o
                0x20025a5c                hltdc
 .bss.hrng      0x20025b04       0x10 ./Core/Src/main.o
                0x20025b04                hrng
 .bss.hspi5     0x20025b14       0x58 ./Core/Src/main.o
                0x20025b14                hspi5
 .bss.htim2     0x20025b6c       0x48 ./Core/Src/main.o
                0x20025b6c                htim2
 .bss.hI2C3     0x20025bb4       0x54 ./Core/Src/stmpe811.o
 .bss.HAL_status
                0x20025c08        0x1 ./Core/Src/stmpe811.o
 *fill*         0x20025c09        0x3 
 .bss.__sbrk_heap_end
                0x20025c0c        0x4 ./Core/Src/sysmem.o
 .bss.uwTick    0x20025c10        0x4 ./Drivers/STM32F4xx_HAL_Driver/Src/stm32f4xx_hal.o
                0x20025c10                uwTick
 .bss.__sf      0x20025c14      0x138 /Applications/STM32CubeIDE.app/Contents/Eclipse/plugins/com.st.stm32cube.ide.mcu.externaltools.gnu-tools-for-stm32.12.3.rel1.macos64_1.1.0.202410301201/tools/bin/../lib/gcc/arm-none-eabi/12.3.1/../../../../arm-none-eabi/lib/thumb/v7e-m+fp/hard/libc_nano.a(libc_a-findfp.o)
                0x20025c14                __sf
 .bss.__lock___malloc_recursive_mutex
                0x20025d4c        0x1 /Applications/STM32CubeIDE.app/Contents/Eclipse/plugins/com.st.stm32cube.ide.mcu.externaltools.gnu-tools-for-stm32.12.3.rel1.macos64_1.1.0.202410301201/tools/bin/../lib/gcc/arm-none-eabi/12.3.1/../../../../arm-none-eabi/lib/thumb/v7e-m+fp/hard/libc_nano.a(libc_a-lock.o)
                0x20025d4c                __lock___malloc_recursive_mutex
 *fill*         0x20025d4d        0x3 
 .bss.__malloc_sbrk_start
                0x20025d50        0x4 /Applications/STM32CubeIDE.app/Contents/Eclipse/plugins/com.st.stm32cube.ide.mcu.externaltools.gnu-tools-for-stm32.12.3.rel1.macos64_1.1.0.202410301201/tools/bin/../lib/gcc/arm-none-eabi/12.3.1/../../../../arm-none-eabi/lib/thumb/v7e-m+fp/hard/libc_nano.a(libc_a-mallocr.o)
                0x20025d50                __malloc_sbrk_start
 .bss.__malloc_free_list
                0x20025d54        0x4 /Applications/STM32CubeIDE.app/Contents/Eclipse/plugins/com.st.stm32cube.ide.mcu.externaltools.gnu-tools-for-stm32.12.3.rel1.macos64_1.1.0.202410301201/tools/bin/../lib/gcc/arm-none-eabi/12.3.1/../../../../arm-none-eabi/lib/thumb/v7e-m+fp/hard/libc_nano.a(libc_a-mallocr.o)
                0x20025d54                __malloc_free_list
 .bss.errno     0x20025d58        0x4 /Applications/STM32CubeIDE.app/Contents/Eclipse/plugins/com.st.stm32cube.ide.mcu.externaltools.gnu-tools-for-stm32.12.3.rel1.macos64_1.1.0.202410301201/tools/bin/../lib/gcc/arm-none-eabi/12.3.1/../../../../arm-none-eabi/lib/thumb/v7e-m+fp/hard/libc_nano.a(libc_a-reent.o)
                0x20025d58                errno
 *(COMMON)
                0x20025d5c                        . = ALIGN (0x4)
                0x20025d5c                        _ebss = .
                0x20025d5c                        __bss_end__ = _ebss

._user_heap_stack
                0x20025d5c      0x604
                0x20025d60                        . = ALIGN (0x8)
 *fill*         0x20025d5c        0x4 
                [!provide]                        PROVIDE (end = .)
                0x20025d60                        PROVIDE (_end = .)
                0x20025f60                        . = (. + _Min_Heap_Size)
 *fill*         0x20025d60      0x200 
                0x20026360                        . = (. + _Min_Stack_Size)
 *fill*         0x20025f60      0x400 
                0x20026360                        . = ALIGN (0x8)

/DISCARD/
 libc.a(*)
 libm.a(*)
 libgcc.a(*)

.ARM.attributes
                0x00000000       0x30
 *(.ARM.attributes)
 .ARM.attributes
                0x00000000       0x22 /Applications/STM32CubeIDE.app/Contents/Eclipse/plugins/com.st.stm32cube.ide.mcu.externaltools.gnu-tools-for-stm32.12.3.rel1.macos64_1.1.0.202410301201/tools/bin/../lib/gcc/arm-none-eabi/12.3.1/thumb/v7e-m+fp/hard/crti.o
 .ARM.attributes
                0x00000022       0x34 /Applications/STM32CubeIDE.app/Contents/Eclipse/plugins/com.st.stm32cube.ide.mcu.externaltools.gnu-tools-for-stm32.12.3.rel1.macos64_1.1.0.202410301201/tools/bin/../lib/gcc/arm-none-eabi/12.3.1/thumb/v7e-m+fp/hard/crtbegin.o
 .ARM.attributes
                0x00000056       0x34 ./Core/Src/ApplicationCode.o
 .ARM.attributes
                0x0000008a       0x34 ./Core/Src/LCD_Driver.o
 .ARM.attributes
                0x000000be       0x34 ./Core/Src/connect_four.o
 .ARM.attributes
                0x000000f2       0x34 ./Core/Src/fonts.o
 .ARM.attributes
                0x00000126       0x34 ./Core/Src/ili9341.o
 .ARM.attributes
                0x0000015a       0x34 ./Core/Src/main.o
 .ARM.attributes
                0x0000018e       0x34 ./Core/Src/stm32f4xx_hal_msp.o
 .ARM.attributes
                0x000001c2       0x34 ./Core/Src/stm32f4xx_it.o
 .ARM.attributes
                0x000001f6       0x34 ./Core/Src/stmpe811.o
 .ARM.attributes
                0x0000022a       0x34 ./Core/Src/syscalls.o
 .ARM.attributes
                0x0000025e       0x34 ./Core/Src/sysmem.o
 .ARM.attributes
                0x00000292       0x34 ./Core/Src/system_stm32f4xx.o
 .ARM.attributes
                0x000002c6       0x21 ./Core/Startup/startup_stm32f429zitx.o
 .ARM.attributes
                0x000002e7       0x34 ./Drivers/STM32F4xx_HAL_Driver/Src/stm32f4xx_hal.o
 .ARM.attributes
                0x0000031b       0x34 ./Drivers/STM32F4xx_HAL_Driver/Src/stm32f4xx_hal_cortex.o
 .ARM.attributes
                0x0000034f       0x34 ./Drivers/STM32F4xx_HAL_Driver/Src/stm32f4xx_hal_gpio.o
 .ARM.attributes
                0x00000383       0x34 ./Drivers/STM32F4xx_HAL_Driver/Src/stm32f4xx_hal_i2c.o
 .ARM.attributes
                0x000003b7       0x34 ./Drivers/STM32F4xx_HAL_Driver/Src/stm32f4xx_hal_i2c_ex.o
 .ARM.attributes
                0x000003eb       0x34 ./Drivers/STM32F4xx_HAL_Driver/Src/stm32f4xx_hal_ltdc.o
 .ARM.attributes
                0x0000041f       0x34 ./Drivers/STM32F4xx_HAL_Driver/Src/stm32f4xx_hal_rcc.o
 .ARM.attributes
                0x00000453       0x34 ./Drivers/STM32F4xx_HAL_Driver/Src/stm32f4xx_hal_rcc_ex.o
 .ARM.attributes
                0x00000487       0x34 ./Drivers/STM32F4xx_HAL_Driver/Src/stm32f4xx_hal_rng.o
 .ARM.attributes
                0x000004bb       0x34 ./Drivers/STM32F4xx_HAL_Driver/Src/stm32f4xx_hal_spi.o
 .ARM.attributes
                0x000004ef       0x34 ./Drivers/STM32F4xx_HAL_Driver/Src/stm32f4xx_hal_tim.o
 .ARM.attributes
                0x00000523       0x34 ./Drivers/STM32F4xx_HAL_Driver/Src/stm32f4xx_hal_tim_ex.o
 .ARM.attributes
                0x00000557       0x34 /Applications/STM32CubeIDE.app/Contents/Eclipse/plugins/com.st.stm32cube.ide.mcu.externaltools.gnu-tools-for-stm32.12.3.rel1.macos64_1.1.0.202410301201/tools/bin/../lib/gcc/arm-none-eabi/12.3.1/../../../../arm-none-eabi/lib/thumb/v7e-m+fp/hard/libc_nano.a(libc_a-sprintf.o)
 .ARM.attributes
                0x0000058b       0x34 /Applications/STM32CubeIDE.app/Contents/Eclipse/plugins/com.st.stm32cube.ide.mcu.externaltools.gnu-tools-for-stm32.12.3.rel1.macos64_1.1.0.202410301201/tools/bin/../lib/gcc/arm-none-eabi/12.3.1/../../../../arm-none-eabi/lib/thumb/v7e-m+fp/hard/libc_nano.a(libc_a-findfp.o)
 .ARM.attributes
                0x000005bf       0x34 /Applications/STM32CubeIDE.app/Contents/Eclipse/plugins/com.st.stm32cube.ide.mcu.externaltools.gnu-tools-for-stm32.12.3.rel1.macos64_1.1.0.202410301201/tools/bin/../lib/gcc/arm-none-eabi/12.3.1/../../../../arm-none-eabi/lib/thumb/v7e-m+fp/hard/libc_nano.a(libc_a-memset.o)
 .ARM.attributes
                0x000005f3       0x34 /Applications/STM32CubeIDE.app/Contents/Eclipse/plugins/com.st.stm32cube.ide.mcu.externaltools.gnu-tools-for-stm32.12.3.rel1.macos64_1.1.0.202410301201/tools/bin/../lib/gcc/arm-none-eabi/12.3.1/../../../../arm-none-eabi/lib/thumb/v7e-m+fp/hard/libc_nano.a(libc_a-impure.o)
 .ARM.attributes
                0x00000627       0x34 /Applications/STM32CubeIDE.app/Contents/Eclipse/plugins/com.st.stm32cube.ide.mcu.externaltools.gnu-tools-for-stm32.12.3.rel1.macos64_1.1.0.202410301201/tools/bin/../lib/gcc/arm-none-eabi/12.3.1/../../../../arm-none-eabi/lib/thumb/v7e-m+fp/hard/libc_nano.a(libc_a-errno.o)
 .ARM.attributes
                0x0000065b       0x34 /Applications/STM32CubeIDE.app/Contents/Eclipse/plugins/com.st.stm32cube.ide.mcu.externaltools.gnu-tools-for-stm32.12.3.rel1.macos64_1.1.0.202410301201/tools/bin/../lib/gcc/arm-none-eabi/12.3.1/../../../../arm-none-eabi/lib/thumb/v7e-m+fp/hard/libc_nano.a(libc_a-init.o)
 .ARM.attributes
                0x0000068f       0x34 /Applications/STM32CubeIDE.app/Contents/Eclipse/plugins/com.st.stm32cube.ide.mcu.externaltools.gnu-tools-for-stm32.12.3.rel1.macos64_1.1.0.202410301201/tools/bin/../lib/gcc/arm-none-eabi/12.3.1/../../../../arm-none-eabi/lib/thumb/v7e-m+fp/hard/libc_nano.a(libc_a-lock.o)
 .ARM.attributes
                0x000006c3       0x17 /Applications/STM32CubeIDE.app/Contents/Eclipse/plugins/com.st.stm32cube.ide.mcu.externaltools.gnu-tools-for-stm32.12.3.rel1.macos64_1.1.0.202410301201/tools/bin/../lib/gcc/arm-none-eabi/12.3.1/../../../../arm-none-eabi/lib/thumb/v7e-m+fp/hard/libc_nano.a(libc_a-strlen.o)
 .ARM.attributes
                0x000006da       0x34 /Applications/STM32CubeIDE.app/Contents/Eclipse/plugins/com.st.stm32cube.ide.mcu.externaltools.gnu-tools-for-stm32.12.3.rel1.macos64_1.1.0.202410301201/tools/bin/../lib/gcc/arm-none-eabi/12.3.1/../../../../arm-none-eabi/lib/thumb/v7e-m+fp/hard/libc_nano.a(libc_a-nano-svfprintf.o)
 .ARM.attributes
                0x0000070e       0x34 /Applications/STM32CubeIDE.app/Contents/Eclipse/plugins/com.st.stm32cube.ide.mcu.externaltools.gnu-tools-for-stm32.12.3.rel1.macos64_1.1.0.202410301201/tools/bin/../lib/gcc/arm-none-eabi/12.3.1/../../../../arm-none-eabi/lib/thumb/v7e-m+fp/hard/libc_nano.a(libc_a-mallocr.o)
 .ARM.attributes
                0x00000742       0x34 /Applications/STM32CubeIDE.app/Contents/Eclipse/plugins/com.st.stm32cube.ide.mcu.externaltools.gnu-tools-for-stm32.12.3.rel1.macos64_1.1.0.202410301201/tools/bin/../lib/gcc/arm-none-eabi/12.3.1/../../../../arm-none-eabi/lib/thumb/v7e-m+fp/hard/libc_nano.a(libc_a-nano-vfprintf_i.o)
 .ARM.attributes
                0x00000776       0x34 /Applications/STM32CubeIDE.app/Contents/Eclipse/plugins/com.st.stm32cube.ide.mcu.externaltools.gnu-tools-for-stm32.12.3.rel1.macos64_1.1.0.202410301201/tools/bin/../lib/gcc/arm-none-eabi/12.3.1/../../../../arm-none-eabi/lib/thumb/v7e-m+fp/hard/libc_nano.a(libc_a-mlock.o)
 .ARM.attributes
                0x000007aa       0x34 /Applications/STM32CubeIDE.app/Contents/Eclipse/plugins/com.st.stm32cube.ide.mcu.externaltools.gnu-tools-for-stm32.12.3.rel1.macos64_1.1.0.202410301201/tools/bin/../lib/gcc/arm-none-eabi/12.3.1/../../../../arm-none-eabi/lib/thumb/v7e-m+fp/hard/libc_nano.a(libc_a-reallocr.o)
 .ARM.attributes
                0x000007de       0x34 /Applications/STM32CubeIDE.app/Contents/Eclipse/plugins/com.st.stm32cube.ide.mcu.externaltools.gnu-tools-for-stm32.12.3.rel1.macos64_1.1.0.202410301201/tools/bin/../lib/gcc/arm-none-eabi/12.3.1/../../../../arm-none-eabi/lib/thumb/v7e-m+fp/hard/libc_nano.a(libc_a-memmove.o)
 .ARM.attributes
                0x00000812       0x34 /Applications/STM32CubeIDE.app/Contents/Eclipse/plugins/com.st.stm32cube.ide.mcu.externaltools.gnu-tools-for-stm32.12.3.rel1.macos64_1.1.0.202410301201/tools/bin/../lib/gcc/arm-none-eabi/12.3.1/../../../../arm-none-eabi/lib/thumb/v7e-m+fp/hard/libc_nano.a(libc_a-reent.o)
 .ARM.attributes
                0x00000846       0x34 /Applications/STM32CubeIDE.app/Contents/Eclipse/plugins/com.st.stm32cube.ide.mcu.externaltools.gnu-tools-for-stm32.12.3.rel1.macos64_1.1.0.202410301201/tools/bin/../lib/gcc/arm-none-eabi/12.3.1/../../../../arm-none-eabi/lib/thumb/v7e-m+fp/hard/libc_nano.a(libc_a-sbrkr.o)
 .ARM.attributes
                0x0000087a       0x1c /Applications/STM32CubeIDE.app/Contents/Eclipse/plugins/com.st.stm32cube.ide.mcu.externaltools.gnu-tools-for-stm32.12.3.rel1.macos64_1.1.0.202410301201/tools/bin/../lib/gcc/arm-none-eabi/12.3.1/../../../../arm-none-eabi/lib/thumb/v7e-m+fp/hard/libc_nano.a(libc_a-memchr.o)
 .ARM.attributes
                0x00000896       0x34 /Applications/STM32CubeIDE.app/Contents/Eclipse/plugins/com.st.stm32cube.ide.mcu.externaltools.gnu-tools-for-stm32.12.3.rel1.macos64_1.1.0.202410301201/tools/bin/../lib/gcc/arm-none-eabi/12.3.1/../../../../arm-none-eabi/lib/thumb/v7e-m+fp/hard/libc_nano.a(libc_a-memcpy-stub.o)
 .ARM.attributes
                0x000008ca       0x34 /Applications/STM32CubeIDE.app/Contents/Eclipse/plugins/com.st.stm32cube.ide.mcu.externaltools.gnu-tools-for-stm32.12.3.rel1.macos64_1.1.0.202410301201/tools/bin/../lib/gcc/arm-none-eabi/12.3.1/../../../../arm-none-eabi/lib/thumb/v7e-m+fp/hard/libc_nano.a(libc_a-freer.o)
 .ARM.attributes
                0x000008fe       0x34 /Applications/STM32CubeIDE.app/Contents/Eclipse/plugins/com.st.stm32cube.ide.mcu.externaltools.gnu-tools-for-stm32.12.3.rel1.macos64_1.1.0.202410301201/tools/bin/../lib/gcc/arm-none-eabi/12.3.1/../../../../arm-none-eabi/lib/thumb/v7e-m+fp/hard/libc_nano.a(libc_a-msizer.o)
 .ARM.attributes
                0x00000932       0x22 /Applications/STM32CubeIDE.app/Contents/Eclipse/plugins/com.st.stm32cube.ide.mcu.externaltools.gnu-tools-for-stm32.12.3.rel1.macos64_1.1.0.202410301201/tools/bin/../lib/gcc/arm-none-eabi/12.3.1/thumb/v7e-m+fp/hard/libgcc.a(_aeabi_uldivmod.o)
 .ARM.attributes
                0x00000954       0x34 /Applications/STM32CubeIDE.app/Contents/Eclipse/plugins/com.st.stm32cube.ide.mcu.externaltools.gnu-tools-for-stm32.12.3.rel1.macos64_1.1.0.202410301201/tools/bin/../lib/gcc/arm-none-eabi/12.3.1/thumb/v7e-m+fp/hard/libgcc.a(_udivmoddi4.o)
 .ARM.attributes
                0x00000988       0x22 /Applications/STM32CubeIDE.app/Contents/Eclipse/plugins/com.st.stm32cube.ide.mcu.externaltools.gnu-tools-for-stm32.12.3.rel1.macos64_1.1.0.202410301201/tools/bin/../lib/gcc/arm-none-eabi/12.3.1/thumb/v7e-m+fp/hard/libgcc.a(_dvmd_tls.o)
 .ARM.attributes
                0x000009aa       0x22 /Applications/STM32CubeIDE.app/Contents/Eclipse/plugins/com.st.stm32cube.ide.mcu.externaltools.gnu-tools-for-stm32.12.3.rel1.macos64_1.1.0.202410301201/tools/bin/../lib/gcc/arm-none-eabi/12.3.1/thumb/v7e-m+fp/hard/crtn.o
OUTPUT(APleeterFinal.elf elf32-littlearm)
LOAD linker stubs
LOAD /Applications/STM32CubeIDE.app/Contents/Eclipse/plugins/com.st.stm32cube.ide.mcu.externaltools.gnu-tools-for-stm32.12.3.rel1.macos64_1.1.0.202410301201/tools/bin/../lib/gcc/arm-none-eabi/12.3.1/../../../../arm-none-eabi/lib/thumb/v7e-m+fp/hard/libc.a
LOAD /Applications/STM32CubeIDE.app/Contents/Eclipse/plugins/com.st.stm32cube.ide.mcu.externaltools.gnu-tools-for-stm32.12.3.rel1.macos64_1.1.0.202410301201/tools/bin/../lib/gcc/arm-none-eabi/12.3.1/../../../../arm-none-eabi/lib/thumb/v7e-m+fp/hard/libm.a
LOAD /Applications/STM32CubeIDE.app/Contents/Eclipse/plugins/com.st.stm32cube.ide.mcu.externaltools.gnu-tools-for-stm32.12.3.rel1.macos64_1.1.0.202410301201/tools/bin/../lib/gcc/arm-none-eabi/12.3.1/thumb/v7e-m+fp/hard/libgcc.a

.debug_info     0x00000000    0x13ba7
 .debug_info    0x00000000      0x5cb ./Core/Src/ApplicationCode.o
 .debug_info    0x000005cb      0xf71 ./Core/Src/LCD_Driver.o
 .debug_info    0x0000153c      0xb1c ./Core/Src/connect_four.o
 .debug_info    0x00002058      0x145 ./Core/Src/fonts.o
 .debug_info    0x0000219d      0xc85 ./Core/Src/ili9341.o
 .debug_info    0x00002e22     0x192f ./Core/Src/main.o
 .debug_info    0x00004751     0x17b6 ./Core/Src/stm32f4xx_hal_msp.o
 .debug_info    0x00005f07      0x112 ./Core/Src/stm32f4xx_it.o
 .debug_info    0x00006019      0xdd6 ./Core/Src/stmpe811.o
 .debug_info    0x00006def      0x6a3 ./Core/Src/syscalls.o
 .debug_info    0x00007492      0x168 ./Core/Src/sysmem.o
 .debug_info    0x000075fa      0x52e ./Core/Src/system_stm32f4xx.o
 .debug_info    0x00007b28       0x30 ./Core/Startup/startup_stm32f429zitx.o
 .debug_info    0x00007b58      0x9ba ./Drivers/STM32F4xx_HAL_Driver/Src/stm32f4xx_hal.o
 .debug_info    0x00008512      0xdc2 ./Drivers/STM32F4xx_HAL_Driver/Src/stm32f4xx_hal_cortex.o
 .debug_info    0x000092d4      0x6db ./Drivers/STM32F4xx_HAL_Driver/Src/stm32f4xx_hal_gpio.o
 .debug_info    0x000099af     0x2421 ./Drivers/STM32F4xx_HAL_Driver/Src/stm32f4xx_hal_i2c.o
 .debug_info    0x0000bdd0      0x672 ./Drivers/STM32F4xx_HAL_Driver/Src/stm32f4xx_hal_i2c_ex.o
 .debug_info    0x0000c442     0x1022 ./Drivers/STM32F4xx_HAL_Driver/Src/stm32f4xx_hal_ltdc.o
 .debug_info    0x0000d464      0x8c7 ./Drivers/STM32F4xx_HAL_Driver/Src/stm32f4xx_hal_rcc.o
 .debug_info    0x0000dd2b      0x64c ./Drivers/STM32F4xx_HAL_Driver/Src/stm32f4xx_hal_rcc_ex.o
 .debug_info    0x0000e377      0x493 ./Drivers/STM32F4xx_HAL_Driver/Src/stm32f4xx_hal_rng.o
 .debug_info    0x0000e80a     0x1525 ./Drivers/STM32F4xx_HAL_Driver/Src/stm32f4xx_hal_spi.o
 .debug_info    0x0000fd2f     0x299d ./Drivers/STM32F4xx_HAL_Driver/Src/stm32f4xx_hal_tim.o
 .debug_info    0x000126cc     0x14db ./Drivers/STM32F4xx_HAL_Driver/Src/stm32f4xx_hal_tim_ex.o

.debug_abbrev   0x00000000     0x3180
 .debug_abbrev  0x00000000      0x1a3 ./Core/Src/ApplicationCode.o
 .debug_abbrev  0x000001a3      0x304 ./Core/Src/LCD_Driver.o
 .debug_abbrev  0x000004a7      0x259 ./Core/Src/connect_four.o
 .debug_abbrev  0x00000700       0xc6 ./Core/Src/fonts.o
 .debug_abbrev  0x000007c6      0x2c9 ./Core/Src/ili9341.o
 .debug_abbrev  0x00000a8f      0x2cd ./Core/Src/main.o
 .debug_abbrev  0x00000d5c      0x25c ./Core/Src/stm32f4xx_hal_msp.o
 .debug_abbrev  0x00000fb8       0x73 ./Core/Src/stm32f4xx_it.o
 .debug_abbrev  0x0000102b      0x2c9 ./Core/Src/stmpe811.o
 .debug_abbrev  0x000012f4      0x1b6 ./Core/Src/syscalls.o
 .debug_abbrev  0x000014aa       0xbc ./Core/Src/sysmem.o
 .debug_abbrev  0x00001566      0x11a ./Core/Src/system_stm32f4xx.o
 .debug_abbrev  0x00001680       0x24 ./Core/Startup/startup_stm32f429zitx.o
 .debug_abbrev  0x000016a4      0x214 ./Drivers/STM32F4xx_HAL_Driver/Src/stm32f4xx_hal.o
 .debug_abbrev  0x000018b8      0x31d ./Drivers/STM32F4xx_HAL_Driver/Src/stm32f4xx_hal_cortex.o
 .debug_abbrev  0x00001bd5      0x1d4 ./Drivers/STM32F4xx_HAL_Driver/Src/stm32f4xx_hal_gpio.o
 .debug_abbrev  0x00001da9      0x2ad ./Drivers/STM32F4xx_HAL_Driver/Src/stm32f4xx_hal_i2c.o
 .debug_abbrev  0x00002056      0x157 ./Drivers/STM32F4xx_HAL_Driver/Src/stm32f4xx_hal_i2c_ex.o
 .debug_abbrev  0x000021ad      0x233 ./Drivers/STM32F4xx_HAL_Driver/Src/stm32f4xx_hal_ltdc.o
 .debug_abbrev  0x000023e0      0x2b7 ./Drivers/STM32F4xx_HAL_Driver/Src/stm32f4xx_hal_rcc.o
 .debug_abbrev  0x00002697      0x1b0 ./Drivers/STM32F4xx_HAL_Driver/Src/stm32f4xx_hal_rcc_ex.o
 .debug_abbrev  0x00002847      0x1c4 ./Drivers/STM32F4xx_HAL_Driver/Src/stm32f4xx_hal_rng.o
 .debug_abbrev  0x00002a0b      0x27a ./Drivers/STM32F4xx_HAL_Driver/Src/stm32f4xx_hal_spi.o
 .debug_abbrev  0x00002c85      0x278 ./Drivers/STM32F4xx_HAL_Driver/Src/stm32f4xx_hal_tim.o
 .debug_abbrev  0x00002efd      0x283 ./Drivers/STM32F4xx_HAL_Driver/Src/stm32f4xx_hal_tim_ex.o

.debug_aranges  0x00000000     0x13f8
 .debug_aranges
                0x00000000       0x38 ./Core/Src/ApplicationCode.o
 .debug_aranges
                0x00000038       0xa8 ./Core/Src/LCD_Driver.o
 .debug_aranges
                0x000000e0       0x78 ./Core/Src/connect_four.o
 .debug_aranges
                0x00000158       0x18 ./Core/Src/fonts.o
 .debug_aranges
                0x00000170       0x98 ./Core/Src/ili9341.o
 .debug_aranges
                0x00000208       0x60 ./Core/Src/main.o
 .debug_aranges
                0x00000268       0x70 ./Core/Src/stm32f4xx_hal_msp.o
 .debug_aranges
                0x000002d8       0x60 ./Core/Src/stm32f4xx_it.o
 .debug_aranges
                0x00000338       0x88 ./Core/Src/stmpe811.o
 .debug_aranges
                0x000003c0       0xa8 ./Core/Src/syscalls.o
 .debug_aranges
                0x00000468       0x20 ./Core/Src/sysmem.o
 .debug_aranges
                0x00000488       0x28 ./Core/Src/system_stm32f4xx.o
 .debug_aranges
                0x000004b0       0x28 ./Core/Startup/startup_stm32f429zitx.o
 .debug_aranges
                0x000004d8      0x100 ./Drivers/STM32F4xx_HAL_Driver/Src/stm32f4xx_hal.o
 .debug_aranges
                0x000005d8      0x130 ./Drivers/STM32F4xx_HAL_Driver/Src/stm32f4xx_hal_cortex.o
 .debug_aranges
                0x00000708       0x58 ./Drivers/STM32F4xx_HAL_Driver/Src/stm32f4xx_hal_gpio.o
 .debug_aranges
                0x00000760      0x2a8 ./Drivers/STM32F4xx_HAL_Driver/Src/stm32f4xx_hal_i2c.o
 .debug_aranges
                0x00000a08       0x28 ./Drivers/STM32F4xx_HAL_Driver/Src/stm32f4xx_hal_i2c_ex.o
 .debug_aranges
                0x00000a30      0x158 ./Drivers/STM32F4xx_HAL_Driver/Src/stm32f4xx_hal_ltdc.o
 .debug_aranges
                0x00000b88       0x88 ./Drivers/STM32F4xx_HAL_Driver/Src/stm32f4xx_hal_rcc.o
 .debug_aranges
                0x00000c10       0x58 ./Drivers/STM32F4xx_HAL_Driver/Src/stm32f4xx_hal_rcc_ex.o
 .debug_aranges
                0x00000c68       0x88 ./Drivers/STM32F4xx_HAL_Driver/Src/stm32f4xx_hal_rng.o
 .debug_aranges
                0x00000cf0      0x1d0 ./Drivers/STM32F4xx_HAL_Driver/Src/stm32f4xx_hal_spi.o
 .debug_aranges
                0x00000ec0      0x3d0 ./Drivers/STM32F4xx_HAL_Driver/Src/stm32f4xx_hal_tim.o
 .debug_aranges
                0x00001290      0x168 ./Drivers/STM32F4xx_HAL_Driver/Src/stm32f4xx_hal_tim_ex.o

.debug_rnglists
                0x00000000      0xf66
 .debug_rnglists
                0x00000000       0x26 ./Core/Src/ApplicationCode.o
 .debug_rnglists
                0x00000026       0x7e ./Core/Src/LCD_Driver.o
 .debug_rnglists
                0x000000a4       0x5c ./Core/Src/connect_four.o
 .debug_rnglists
                0x00000100       0x6f ./Core/Src/ili9341.o
 .debug_rnglists
                0x0000016f       0x48 ./Core/Src/main.o
 .debug_rnglists
                0x000001b7       0x53 ./Core/Src/stm32f4xx_hal_msp.o
 .debug_rnglists
                0x0000020a       0x43 ./Core/Src/stm32f4xx_it.o
 .debug_rnglists
                0x0000024d       0x67 ./Core/Src/stmpe811.o
 .debug_rnglists
                0x000002b4       0x79 ./Core/Src/syscalls.o
 .debug_rnglists
                0x0000032d       0x13 ./Core/Src/sysmem.o
 .debug_rnglists
                0x00000340       0x1a ./Core/Src/system_stm32f4xx.o
 .debug_rnglists
                0x0000035a       0x19 ./Core/Startup/startup_stm32f429zitx.o
 .debug_rnglists
                0x00000373       0xbb ./Drivers/STM32F4xx_HAL_Driver/Src/stm32f4xx_hal.o
 .debug_rnglists
                0x0000042e       0xe0 ./Drivers/STM32F4xx_HAL_Driver/Src/stm32f4xx_hal_cortex.o
 .debug_rnglists
                0x0000050e       0x3f ./Drivers/STM32F4xx_HAL_Driver/Src/stm32f4xx_hal_gpio.o
 .debug_rnglists
                0x0000054d      0x23c ./Drivers/STM32F4xx_HAL_Driver/Src/stm32f4xx_hal_i2c.o
 .debug_rnglists
                0x00000789       0x19 ./Drivers/STM32F4xx_HAL_Driver/Src/stm32f4xx_hal_i2c_ex.o
 .debug_rnglists
                0x000007a2      0x10a ./Drivers/STM32F4xx_HAL_Driver/Src/stm32f4xx_hal_ltdc.o
 .debug_rnglists
                0x000008ac       0x66 ./Drivers/STM32F4xx_HAL_Driver/Src/stm32f4xx_hal_rcc.o
 .debug_rnglists
                0x00000912       0x43 ./Drivers/STM32F4xx_HAL_Driver/Src/stm32f4xx_hal_rcc_ex.o
 .debug_rnglists
                0x00000955       0x63 ./Drivers/STM32F4xx_HAL_Driver/Src/stm32f4xx_hal_rng.o
 .debug_rnglists
                0x000009b8      0x16f ./Drivers/STM32F4xx_HAL_Driver/Src/stm32f4xx_hal_spi.o
 .debug_rnglists
                0x00000b27      0x31a ./Drivers/STM32F4xx_HAL_Driver/Src/stm32f4xx_hal_tim.o
 .debug_rnglists
                0x00000e41      0x125 ./Drivers/STM32F4xx_HAL_Driver/Src/stm32f4xx_hal_tim_ex.o

.debug_macro    0x00000000    0x274ed
 .debug_macro   0x00000000      0x339 ./Core/Src/ApplicationCode.o
 .debug_macro   0x00000339      0xab4 ./Core/Src/ApplicationCode.o
 .debug_macro   0x00000ded      0x2ad ./Core/Src/ApplicationCode.o
 .debug_macro   0x0000109a       0x2e ./Core/Src/ApplicationCode.o
 .debug_macro   0x000010c8       0x28 ./Core/Src/ApplicationCode.o
 .debug_macro   0x000010f0       0x22 ./Core/Src/ApplicationCode.o
 .debug_macro   0x00001112       0x8e ./Core/Src/ApplicationCode.o
 .debug_macro   0x000011a0       0x51 ./Core/Src/ApplicationCode.o
 .debug_macro   0x000011f1      0x103 ./Core/Src/ApplicationCode.o
 .debug_macro   0x000012f4       0x6a ./Core/Src/ApplicationCode.o
 .debug_macro   0x0000135e      0x1df ./Core/Src/ApplicationCode.o
 .debug_macro   0x0000153d       0x1c ./Core/Src/ApplicationCode.o
 .debug_macro   0x00001559       0x22 ./Core/Src/ApplicationCode.o
 .debug_macro   0x0000157b       0xfb ./Core/Src/ApplicationCode.o
 .debug_macro   0x00001676     0x1011 ./Core/Src/ApplicationCode.o
 .debug_macro   0x00002687      0x11f ./Core/Src/ApplicationCode.o
 .debug_macro   0x000027a6    0x17fd8 ./Core/Src/ApplicationCode.o
 .debug_macro   0x0001a77e       0x6d ./Core/Src/ApplicationCode.o
 .debug_macro   0x0001a7eb     0x3711 ./Core/Src/ApplicationCode.o
 .debug_macro   0x0001defc      0x189 ./Core/Src/ApplicationCode.o
 .debug_macro   0x0001e085       0x5c ./Core/Src/ApplicationCode.o
 .debug_macro   0x0001e0e1      0xcba ./Core/Src/ApplicationCode.o
 .debug_macro   0x0001ed9b      0x9e9 ./Core/Src/ApplicationCode.o
 .debug_macro   0x0001f784      0x115 ./Core/Src/ApplicationCode.o
 .debug_macro   0x0001f899      0x156 ./Core/Src/ApplicationCode.o
 .debug_macro   0x0001f9ef       0xa5 ./Core/Src/ApplicationCode.o
 .debug_macro   0x0001fa94      0x182 ./Core/Src/ApplicationCode.o
 .debug_macro   0x0001fc16      0x287 ./Core/Src/ApplicationCode.o
 .debug_macro   0x0001fe9d       0x5f ./Core/Src/ApplicationCode.o
 .debug_macro   0x0001fefc      0x236 ./Core/Src/ApplicationCode.o
 .debug_macro   0x00020132      0x132 ./Core/Src/ApplicationCode.o
 .debug_macro   0x00020264      0x41d ./Core/Src/ApplicationCode.o
 .debug_macro   0x00020681       0x2e ./Core/Src/ApplicationCode.o
 .debug_macro   0x000206af      0x1b5 ./Core/Src/ApplicationCode.o
 .debug_macro   0x00020864       0x22 ./Core/Src/ApplicationCode.o
 .debug_macro   0x00020886       0xd6 ./Core/Src/ApplicationCode.o
 .debug_macro   0x0002095c      0x198 ./Core/Src/ApplicationCode.o
 .debug_macro   0x00020af4       0xd6 ./Core/Src/ApplicationCode.o
 .debug_macro   0x00020bca      0x127 ./Core/Src/ApplicationCode.o
 .debug_macro   0x00020cf1       0xe2 ./Core/Src/ApplicationCode.o
 .debug_macro   0x00020dd3       0x89 ./Core/Src/ApplicationCode.o
 .debug_macro   0x00020e5c       0xa4 ./Core/Src/ApplicationCode.o
 .debug_macro   0x00020f00      0x225 ./Core/Src/ApplicationCode.o
 .debug_macro   0x00021125      0x8ed ./Core/Src/ApplicationCode.o
 .debug_macro   0x00021a12       0x4d ./Core/Src/ApplicationCode.o
 .debug_macro   0x00021a5f      0x134 ./Core/Src/ApplicationCode.o
 .debug_macro   0x00021b93      0x332 ./Core/Src/ApplicationCode.o
 .debug_macro   0x00021ec5       0x22 ./Core/Src/ApplicationCode.o
 .debug_macro   0x00021ee7      0x173 ./Core/Src/ApplicationCode.o
 .debug_macro   0x0002205a       0x88 ./Core/Src/ApplicationCode.o
 .debug_macro   0x000220e2       0x61 ./Core/Src/ApplicationCode.o
 .debug_macro   0x00022143       0x2a ./Core/Src/ApplicationCode.o
 .debug_macro   0x0002216d       0x43 ./Core/Src/ApplicationCode.o
 .debug_macro   0x000221b0       0x34 ./Core/Src/ApplicationCode.o
 .debug_macro   0x000221e4       0x16 ./Core/Src/ApplicationCode.o
 .debug_macro   0x000221fa       0x35 ./Core/Src/ApplicationCode.o
 .debug_macro   0x0002222f      0x369 ./Core/Src/ApplicationCode.o
 .debug_macro   0x00022598       0x10 ./Core/Src/ApplicationCode.o
 .debug_macro   0x000225a8       0x16 ./Core/Src/ApplicationCode.o
 .debug_macro   0x000225be       0x43 ./Core/Src/ApplicationCode.o
 .debug_macro   0x00022601       0x34 ./Core/Src/ApplicationCode.o
 .debug_macro   0x00022635       0x10 ./Core/Src/ApplicationCode.o
 .debug_macro   0x00022645       0x58 ./Core/Src/ApplicationCode.o
 .debug_macro   0x0002269d       0x8e ./Core/Src/ApplicationCode.o
 .debug_macro   0x0002272b       0x1c ./Core/Src/ApplicationCode.o
 .debug_macro   0x00022747      0x177 ./Core/Src/ApplicationCode.o
 .debug_macro   0x000228be       0x16 ./Core/Src/ApplicationCode.o
 .debug_macro   0x000228d4       0x16 ./Core/Src/ApplicationCode.o
 .debug_macro   0x000228ea      0x146 ./Core/Src/ApplicationCode.o
 .debug_macro   0x00022a30       0x2e ./Core/Src/ApplicationCode.o
 .debug_macro   0x00022a5e      0x4ce ./Core/Src/ApplicationCode.o
 .debug_macro   0x00022f2c      0x245 ./Core/Src/LCD_Driver.o
 .debug_macro   0x00023171      0x384 ./Core/Src/connect_four.o
 .debug_macro   0x000234f5       0x28 ./Core/Src/connect_four.o
 .debug_macro   0x0002351d       0x16 ./Core/Src/connect_four.o
 .debug_macro   0x00023533       0x20 ./Core/Src/connect_four.o
 .debug_macro   0x00023553       0x6d ./Core/Src/fonts.o
 .debug_macro   0x000235c0      0x21a ./Core/Src/ili9341.o
 .debug_macro   0x000237da      0x32c ./Core/Src/ili9341.o
 .debug_macro   0x00023b06      0x336 ./Core/Src/main.o
 .debug_macro   0x00023e3c      0x4c8 ./Core/Src/main.o
 .debug_macro   0x00024304      0x21a ./Core/Src/stm32f4xx_hal_msp.o
 .debug_macro   0x0002451e      0x224 ./Core/Src/stm32f4xx_it.o
 .debug_macro   0x00024742      0x235 ./Core/Src/stmpe811.o
 .debug_macro   0x00024977      0x274 ./Core/Src/syscalls.o
 .debug_macro   0x00024beb       0x5b ./Core/Src/syscalls.o
 .debug_macro   0x00024c46       0x94 ./Core/Src/syscalls.o
 .debug_macro   0x00024cda       0x57 ./Core/Src/syscalls.o
 .debug_macro   0x00024d31       0x10 ./Core/Src/syscalls.o
 .debug_macro   0x00024d41       0x10 ./Core/Src/syscalls.o
 .debug_macro   0x00024d51       0x10 ./Core/Src/syscalls.o
 .debug_macro   0x00024d61       0x10 ./Core/Src/syscalls.o
 .debug_macro   0x00024d71       0x1c ./Core/Src/syscalls.o
 .debug_macro   0x00024d8d       0x52 ./Core/Src/syscalls.o
 .debug_macro   0x00024ddf       0x22 ./Core/Src/syscalls.o
 .debug_macro   0x00024e01       0x10 ./Core/Src/syscalls.o
 .debug_macro   0x00024e11       0x52 ./Core/Src/syscalls.o
 .debug_macro   0x00024e63       0xcf ./Core/Src/syscalls.o
 .debug_macro   0x00024f32       0x1c ./Core/Src/syscalls.o
 .debug_macro   0x00024f4e       0x3d ./Core/Src/syscalls.o
 .debug_macro   0x00024f8b       0x35 ./Core/Src/syscalls.o
 .debug_macro   0x00024fc0      0x12c ./Core/Src/syscalls.o
 .debug_macro   0x000250ec       0x16 ./Core/Src/syscalls.o
 .debug_macro   0x00025102       0x16 ./Core/Src/syscalls.o
 .debug_macro   0x00025118       0x29 ./Core/Src/syscalls.o
 .debug_macro   0x00025141       0x10 ./Core/Src/syscalls.o
 .debug_macro   0x00025151      0x242 ./Core/Src/syscalls.o
 .debug_macro   0x00025393       0x1c ./Core/Src/syscalls.o
 .debug_macro   0x000253af       0x10 ./Core/Src/syscalls.o
 .debug_macro   0x000253bf      0x18a ./Core/Src/syscalls.o
 .debug_macro   0x00025549       0x16 ./Core/Src/syscalls.o
 .debug_macro   0x0002555f       0xce ./Core/Src/syscalls.o
 .debug_macro   0x0002562d       0xff ./Core/Src/sysmem.o
 .debug_macro   0x0002572c      0x23c ./Core/Src/sysmem.o
 .debug_macro   0x00025968      0x20b ./Core/Src/system_stm32f4xx.o
 .debug_macro   0x00025b73      0x26b ./Drivers/STM32F4xx_HAL_Driver/Src/stm32f4xx_hal.o
 .debug_macro   0x00025dde      0x20b ./Drivers/STM32F4xx_HAL_Driver/Src/stm32f4xx_hal_cortex.o
 .debug_macro   0x00025fe9      0x211 ./Drivers/STM32F4xx_HAL_Driver/Src/stm32f4xx_hal_gpio.o
 .debug_macro   0x000261fa      0x259 ./Drivers/STM32F4xx_HAL_Driver/Src/stm32f4xx_hal_i2c.o
 .debug_macro   0x00026453      0x20b ./Drivers/STM32F4xx_HAL_Driver/Src/stm32f4xx_hal_i2c_ex.o
 .debug_macro   0x0002665e      0x213 ./Drivers/STM32F4xx_HAL_Driver/Src/stm32f4xx_hal_ltdc.o
 .debug_macro   0x00026871      0x22f ./Drivers/STM32F4xx_HAL_Driver/Src/stm32f4xx_hal_rcc.o
 .debug_macro   0x00026aa0      0x20b ./Drivers/STM32F4xx_HAL_Driver/Src/stm32f4xx_hal_rcc_ex.o
 .debug_macro   0x00026cab      0x211 ./Drivers/STM32F4xx_HAL_Driver/Src/stm32f4xx_hal_rng.o
 .debug_macro   0x00026ebc      0x21a ./Drivers/STM32F4xx_HAL_Driver/Src/stm32f4xx_hal_spi.o
 .debug_macro   0x000270d6      0x20c ./Drivers/STM32F4xx_HAL_Driver/Src/stm32f4xx_hal_tim.o
 .debug_macro   0x000272e2      0x20b ./Drivers/STM32F4xx_HAL_Driver/Src/stm32f4xx_hal_tim_ex.o

.debug_line     0x00000000    0x182e0
 .debug_line    0x00000000      0x9d8 ./Core/Src/ApplicationCode.o
 .debug_line    0x000009d8      0xafc ./Core/Src/LCD_Driver.o
 .debug_line    0x000014d4      0xff7 ./Core/Src/connect_four.o
 .debug_line    0x000024cb      0x39f ./Core/Src/fonts.o
 .debug_line    0x0000286a      0x997 ./Core/Src/ili9341.o
 .debug_line    0x00003201      0xc30 ./Core/Src/main.o
 .debug_line    0x00003e31      0x955 ./Core/Src/stm32f4xx_hal_msp.o
 .debug_line    0x00004786      0x818 ./Core/Src/stm32f4xx_it.o
 .debug_line    0x00004f9e      0xb6a ./Core/Src/stmpe811.o
 .debug_line    0x00005b08      0x841 ./Core/Src/syscalls.o
 .debug_line    0x00006349      0x512 ./Core/Src/sysmem.o
 .debug_line    0x0000685b      0x7da ./Core/Src/system_stm32f4xx.o
 .debug_line    0x00007035       0x7a ./Core/Startup/startup_stm32f429zitx.o
 .debug_line    0x000070af      0xa79 ./Drivers/STM32F4xx_HAL_Driver/Src/stm32f4xx_hal.o
 .debug_line    0x00007b28      0xd35 ./Drivers/STM32F4xx_HAL_Driver/Src/stm32f4xx_hal_cortex.o
 .debug_line    0x0000885d      0xbf7 ./Drivers/STM32F4xx_HAL_Driver/Src/stm32f4xx_hal_gpio.o
 .debug_line    0x00009454     0x3b89 ./Drivers/STM32F4xx_HAL_Driver/Src/stm32f4xx_hal_i2c.o
 .debug_line    0x0000cfdd      0x7d0 ./Drivers/STM32F4xx_HAL_Driver/Src/stm32f4xx_hal_i2c_ex.o
 .debug_line    0x0000d7ad     0x17fa ./Drivers/STM32F4xx_HAL_Driver/Src/stm32f4xx_hal_ltdc.o
 .debug_line    0x0000efa7      0xdce ./Drivers/STM32F4xx_HAL_Driver/Src/stm32f4xx_hal_rcc.o
 .debug_line    0x0000fd75      0xc18 ./Drivers/STM32F4xx_HAL_Driver/Src/stm32f4xx_hal_rcc_ex.o
 .debug_line    0x0001098d      0x9d2 ./Drivers/STM32F4xx_HAL_Driver/Src/stm32f4xx_hal_rng.o
 .debug_line    0x0001135f     0x1d61 ./Drivers/STM32F4xx_HAL_Driver/Src/stm32f4xx_hal_spi.o
 .debug_line    0x000130c0     0x37e7 ./Drivers/STM32F4xx_HAL_Driver/Src/stm32f4xx_hal_tim.o
 .debug_line    0x000168a7     0x1a39 ./Drivers/STM32F4xx_HAL_Driver/Src/stm32f4xx_hal_tim_ex.o

.debug_str      0x00000000    0xe2d9c
 .debug_str     0x00000000    0xdb4ce ./Core/Src/ApplicationCode.o
                              0xdb7d6 (size before relaxing)
 .debug_str     0x000db4ce      0x6fa ./Core/Src/LCD_Driver.o
                              0xd7622 (size before relaxing)
 .debug_str     0x000dbbc8      0x33a ./Core/Src/connect_four.o
                              0xdaa42 (size before relaxing)
 .debug_str     0x000dbf02       0x40 ./Core/Src/fonts.o
                               0x3d89 (size before relaxing)
 .debug_str     0x000dbf42      0x50d ./Core/Src/ili9341.o
                              0xd6bd4 (size before relaxing)
 .debug_str     0x000dc44f      0x7b2 ./Core/Src/main.o
                              0xdc4a8 (size before relaxing)
 .debug_str     0x000dcc01      0x11e ./Core/Src/stm32f4xx_hal_msp.o
                              0xd77a8 (size before relaxing)
 .debug_str     0x000dcd1f       0xc9 ./Core/Src/stm32f4xx_it.o
                              0xd67c4 (size before relaxing)
 .debug_str     0x000dcde8      0x171 ./Core/Src/stmpe811.o
                              0xd686e (size before relaxing)
 .debug_str     0x000dcf59     0x2092 ./Core/Src/syscalls.o
                               0x98c0 (size before relaxing)
 .debug_str     0x000defeb       0x6b ./Core/Src/sysmem.o
                               0x60d8 (size before relaxing)
 .debug_str     0x000df056       0xdb ./Core/Src/system_stm32f4xx.o
                              0xd59c6 (size before relaxing)
 .debug_str     0x000df131       0x44 ./Core/Startup/startup_stm32f429zitx.o
                                 0x8b (size before relaxing)
 .debug_str     0x000df175      0xb6e ./Drivers/STM32F4xx_HAL_Driver/Src/stm32f4xx_hal.o
                              0xd65e9 (size before relaxing)
 .debug_str     0x000dfce3      0x392 ./Drivers/STM32F4xx_HAL_Driver/Src/stm32f4xx_hal_cortex.o
                              0xd6317 (size before relaxing)
 .debug_str     0x000e0075      0x110 ./Drivers/STM32F4xx_HAL_Driver/Src/stm32f4xx_hal_gpio.o
                              0xd5b41 (size before relaxing)
 .debug_str     0x000e0185      0xb1e ./Drivers/STM32F4xx_HAL_Driver/Src/stm32f4xx_hal_i2c.o
                              0xd69d6 (size before relaxing)
 .debug_str     0x000e0ca3       0x3b ./Drivers/STM32F4xx_HAL_Driver/Src/stm32f4xx_hal_i2c_ex.o
                              0xd5d95 (size before relaxing)
 .debug_str     0x000e0cde      0x491 ./Drivers/STM32F4xx_HAL_Driver/Src/stm32f4xx_hal_ltdc.o
                              0xd602a (size before relaxing)
 .debug_str     0x000e116f      0x213 ./Drivers/STM32F4xx_HAL_Driver/Src/stm32f4xx_hal_rcc.o
                              0xd5dfa (size before relaxing)
 .debug_str     0x000e1382      0x133 ./Drivers/STM32F4xx_HAL_Driver/Src/stm32f4xx_hal_rcc_ex.o
                              0xd5bc1 (size before relaxing)
 .debug_str     0x000e14b5      0x152 ./Drivers/STM32F4xx_HAL_Driver/Src/stm32f4xx_hal_rng.o
                              0xd5ab3 (size before relaxing)
 .debug_str     0x000e1607      0x518 ./Drivers/STM32F4xx_HAL_Driver/Src/stm32f4xx_hal_spi.o
                              0xd6271 (size before relaxing)
 .debug_str     0x000e1b1f      0xdea ./Drivers/STM32F4xx_HAL_Driver/Src/stm32f4xx_hal_tim.o
                              0xd6d3d (size before relaxing)
 .debug_str     0x000e2909      0x493 ./Drivers/STM32F4xx_HAL_Driver/Src/stm32f4xx_hal_tim_ex.o
                              0xd6549 (size before relaxing)

.comment        0x00000000       0x43
 .comment       0x00000000       0x43 ./Core/Src/ApplicationCode.o
                                 0x44 (size before relaxing)
 .comment       0x00000043       0x44 ./Core/Src/LCD_Driver.o
 .comment       0x00000043       0x44 ./Core/Src/connect_four.o
 .comment       0x00000043       0x44 ./Core/Src/fonts.o
 .comment       0x00000043       0x44 ./Core/Src/ili9341.o
 .comment       0x00000043       0x44 ./Core/Src/main.o
 .comment       0x00000043       0x44 ./Core/Src/stm32f4xx_hal_msp.o
 .comment       0x00000043       0x44 ./Core/Src/stm32f4xx_it.o
 .comment       0x00000043       0x44 ./Core/Src/stmpe811.o
 .comment       0x00000043       0x44 ./Core/Src/syscalls.o
 .comment       0x00000043       0x44 ./Core/Src/sysmem.o
 .comment       0x00000043       0x44 ./Core/Src/system_stm32f4xx.o
 .comment       0x00000043       0x44 ./Drivers/STM32F4xx_HAL_Driver/Src/stm32f4xx_hal.o
 .comment       0x00000043       0x44 ./Drivers/STM32F4xx_HAL_Driver/Src/stm32f4xx_hal_cortex.o
 .comment       0x00000043       0x44 ./Drivers/STM32F4xx_HAL_Driver/Src/stm32f4xx_hal_gpio.o
 .comment       0x00000043       0x44 ./Drivers/STM32F4xx_HAL_Driver/Src/stm32f4xx_hal_i2c.o
 .comment       0x00000043       0x44 ./Drivers/STM32F4xx_HAL_Driver/Src/stm32f4xx_hal_i2c_ex.o
 .comment       0x00000043       0x44 ./Drivers/STM32F4xx_HAL_Driver/Src/stm32f4xx_hal_ltdc.o
 .comment       0x00000043       0x44 ./Drivers/STM32F4xx_HAL_Driver/Src/stm32f4xx_hal_rcc.o
 .comment       0x00000043       0x44 ./Drivers/STM32F4xx_HAL_Driver/Src/stm32f4xx_hal_rcc_ex.o
 .comment       0x00000043       0x44 ./Drivers/STM32F4xx_HAL_Driver/Src/stm32f4xx_hal_rng.o
 .comment       0x00000043       0x44 ./Drivers/STM32F4xx_HAL_Driver/Src/stm32f4xx_hal_spi.o
 .comment       0x00000043       0x44 ./Drivers/STM32F4xx_HAL_Driver/Src/stm32f4xx_hal_tim.o
 .comment       0x00000043       0x44 ./Drivers/STM32F4xx_HAL_Driver/Src/stm32f4xx_hal_tim_ex.o

.debug_frame    0x00000000     0x5890
 .debug_frame   0x00000000       0x84 ./Core/Src/ApplicationCode.o
 .debug_frame   0x00000084      0x28c ./Core/Src/LCD_Driver.o
 .debug_frame   0x00000310      0x1d4 ./Core/Src/connect_four.o
 .debug_frame   0x000004e4      0x228 ./Core/Src/ili9341.o
 .debug_frame   0x0000070c      0x12c ./Core/Src/main.o
 .debug_frame   0x00000838      0x1b0 ./Core/Src/stm32f4xx_hal_msp.o
 .debug_frame   0x000009e8      0x104 ./Core/Src/stm32f4xx_it.o
 .debug_frame   0x00000aec      0x204 ./Core/Src/stmpe811.o
 .debug_frame   0x00000cf0      0x2ac ./Core/Src/syscalls.o
 .debug_frame   0x00000f9c       0x34 ./Core/Src/sysmem.o
 .debug_frame   0x00000fd0       0x58 ./Core/Src/system_stm32f4xx.o
 .debug_frame   0x00001028      0x3b4 ./Drivers/STM32F4xx_HAL_Driver/Src/stm32f4xx_hal.o
 .debug_frame   0x000013dc      0x508 ./Drivers/STM32F4xx_HAL_Driver/Src/stm32f4xx_hal_cortex.o
 .debug_frame   0x000018e4      0x14c ./Drivers/STM32F4xx_HAL_Driver/Src/stm32f4xx_hal_gpio.o
 .debug_frame   0x00001a30      0xc84 ./Drivers/STM32F4xx_HAL_Driver/Src/stm32f4xx_hal_i2c.o
 .debug_frame   0x000026b4       0x60 ./Drivers/STM32F4xx_HAL_Driver/Src/stm32f4xx_hal_i2c_ex.o
 .debug_frame   0x00002714      0x61c ./Drivers/STM32F4xx_HAL_Driver/Src/stm32f4xx_hal_ltdc.o
 .debug_frame   0x00002d30      0x1f4 ./Drivers/STM32F4xx_HAL_Driver/Src/stm32f4xx_hal_rcc.o
 .debug_frame   0x00002f24      0x13c ./Drivers/STM32F4xx_HAL_Driver/Src/stm32f4xx_hal_rcc_ex.o
 .debug_frame   0x00003060      0x22c ./Drivers/STM32F4xx_HAL_Driver/Src/stm32f4xx_hal_rng.o
 .debug_frame   0x0000328c      0x828 ./Drivers/STM32F4xx_HAL_Driver/Src/stm32f4xx_hal_spi.o
 .debug_frame   0x00003ab4     0x11c0 ./Drivers/STM32F4xx_HAL_Driver/Src/stm32f4xx_hal_tim.o